Component: ARM Compiler 5.06 update 5 (build 528) Tool: armlink [4d35e2]

==============================================================================

Section Cross References

    iic.o(i.IIC_Ack) refers to stm32f1xx_hal_gpio.o(i.HAL_GPIO_WritePin) for HAL_GPIO_WritePin
    iic.o(i.IIC_Ack) refers to iic.o(i.IIC_Delay) for IIC_Delay
    iic.o(i.IIC_CheckDevice) refers to iic.o(i.IIC_GPIO_Init) for IIC_GPIO_Init
    iic.o(i.IIC_CheckDevice) refers to iic.o(i.IIC_Start) for IIC_Start
    iic.o(i.IIC_CheckDevice) refers to iic.o(i.IIC_Send_Byte) for IIC_Send_Byte
    iic.o(i.IIC_CheckDevice) refers to iic.o(i.IIC_Wait_Ack) for IIC_Wait_Ack
    iic.o(i.IIC_CheckDevice) refers to iic.o(i.IIC_Stop) for IIC_Stop
    iic.o(i.IIC_GPIO_Init) refers to stm32f1xx_hal_gpio.o(i.HAL_GPIO_Init) for HAL_GPIO_Init
    iic.o(i.IIC_GPIO_Init) refers to iic.o(i.IIC_Stop) for IIC_Stop
    iic.o(i.IIC_NAck) refers to stm32f1xx_hal_gpio.o(i.HAL_GPIO_WritePin) for HAL_GPIO_WritePin
    iic.o(i.IIC_NAck) refers to iic.o(i.IIC_Delay) for IIC_Delay
    iic.o(i.IIC_Read_Byte) refers to stm32f1xx_hal_gpio.o(i.HAL_GPIO_WritePin) for HAL_GPIO_WritePin
    iic.o(i.IIC_Read_Byte) refers to iic.o(i.IIC_Delay) for IIC_Delay
    iic.o(i.IIC_Read_Byte) refers to stm32f1xx_hal_gpio.o(i.HAL_GPIO_ReadPin) for HAL_GPIO_ReadPin
    iic.o(i.IIC_Read_Byte) refers to iic.o(i.IIC_Ack) for IIC_Ack
    iic.o(i.IIC_Read_Byte) refers to iic.o(i.IIC_NAck) for IIC_NAck
    iic.o(i.IIC_Send_Byte) refers to stm32f1xx_hal_gpio.o(i.HAL_GPIO_WritePin) for HAL_GPIO_WritePin
    iic.o(i.IIC_Send_Byte) refers to iic.o(i.IIC_Delay) for IIC_Delay
    iic.o(i.IIC_Start) refers to stm32f1xx_hal_gpio.o(i.HAL_GPIO_WritePin) for HAL_GPIO_WritePin
    iic.o(i.IIC_Start) refers to iic.o(i.IIC_Delay) for IIC_Delay
    iic.o(i.IIC_Stop) refers to stm32f1xx_hal_gpio.o(i.HAL_GPIO_WritePin) for HAL_GPIO_WritePin
    iic.o(i.IIC_Stop) refers to iic.o(i.IIC_Delay) for IIC_Delay
    iic.o(i.IIC_Wait_Ack) refers to stm32f1xx_hal_gpio.o(i.HAL_GPIO_WritePin) for HAL_GPIO_WritePin
    iic.o(i.IIC_Wait_Ack) refers to iic.o(i.IIC_Delay) for IIC_Delay
    iic.o(i.IIC_Wait_Ack) refers to stm32f1xx_hal_gpio.o(i.HAL_GPIO_ReadPin) for HAL_GPIO_ReadPin
    inv_mpu.o(i.accel_self_test) refers to inv_mpu.o(i.get_accel_prod_shift) for get_accel_prod_shift
    inv_mpu.o(i.accel_self_test) refers to fflt_clz.o(x$fpl$fflt) for __aeabi_i2f
    inv_mpu.o(i.accel_self_test) refers to scalbnf.o(x$fpl$scalbnf) for __ARM_scalbnf
    inv_mpu.o(i.accel_self_test) refers to fdiv.o(x$fpl$fdiv) for __aeabi_fdiv
    inv_mpu.o(i.accel_self_test) refers to faddsub_clz.o(x$fpl$fsub) for __aeabi_fsub
    inv_mpu.o(i.get_accel_prod_shift) refers to mpu6050.o(i.MPU_Read_Len) for MPU_Read_Len
    inv_mpu.o(i.get_accel_prod_shift) refers to fmul.o(x$fpl$fmul) for __aeabi_fmul
    inv_mpu.o(i.get_accel_prod_shift) refers to inv_mpu.o(.data) for .data
    inv_mpu.o(i.get_st_biases) refers to mpu6050.o(i.MPU_Write_Len) for MPU_Write_Len
    inv_mpu.o(i.get_st_biases) refers to stm32f1xx_hal.o(i.HAL_Delay) for HAL_Delay
    inv_mpu.o(i.get_st_biases) refers to mpu6050.o(i.MPU_Read_Len) for MPU_Read_Len
    inv_mpu.o(i.get_st_biases) refers to llsdiv.o(.text) for __aeabi_ldivmod
    inv_mpu.o(i.get_st_biases) refers to inv_mpu.o(.data) for .data
    inv_mpu.o(i.gyro_self_test) refers to mpu6050.o(i.MPU_Read_Len) for MPU_Read_Len
    inv_mpu.o(i.gyro_self_test) refers to fflt_clz.o(x$fpl$fflt) for __aeabi_i2f
    inv_mpu.o(i.gyro_self_test) refers to scalbnf.o(x$fpl$scalbnf) for __ARM_scalbnf
    inv_mpu.o(i.gyro_self_test) refers to fmul.o(x$fpl$fmul) for __aeabi_fmul
    inv_mpu.o(i.gyro_self_test) refers to fdiv.o(x$fpl$fdiv) for __aeabi_fdiv
    inv_mpu.o(i.gyro_self_test) refers to faddsub_clz.o(x$fpl$fsub) for __aeabi_fsub
    inv_mpu.o(i.gyro_self_test) refers to inv_mpu.o(.data) for .data
    inv_mpu.o(i.inv_orientation_matrix_to_scalar) refers to inv_mpu.o(i.inv_row_2_scale) for inv_row_2_scale
    inv_mpu.o(i.mpu_configure_fifo) refers to inv_mpu.o(i.set_int_enable) for set_int_enable
    inv_mpu.o(i.mpu_configure_fifo) refers to inv_mpu.o(i.mpu_reset_fifo) for mpu_reset_fifo
    inv_mpu.o(i.mpu_configure_fifo) refers to inv_mpu.o(.data) for .data
    inv_mpu.o(i.mpu_dmp_get_data) refers to inv_mpu_dmp_motion_driver.o(i.dmp_read_fifo) for dmp_read_fifo
    inv_mpu.o(i.mpu_dmp_get_data) refers to fflt_clz.o(x$fpl$fflt) for __aeabi_i2f
    inv_mpu.o(i.mpu_dmp_get_data) refers to scalbnf.o(x$fpl$scalbnf) for __ARM_scalbnf
    inv_mpu.o(i.mpu_dmp_get_data) refers to fmul.o(x$fpl$fmul) for __aeabi_fmul
    inv_mpu.o(i.mpu_dmp_get_data) refers to faddsub_clz.o(x$fpl$fadd) for __aeabi_fadd
    inv_mpu.o(i.mpu_dmp_get_data) refers to f2d.o(x$fpl$f2d) for __aeabi_f2d
    inv_mpu.o(i.mpu_dmp_get_data) refers to asin.o(i.asin) for asin
    inv_mpu.o(i.mpu_dmp_get_data) refers to dmul.o(x$fpl$dmul) for __aeabi_dmul
    inv_mpu.o(i.mpu_dmp_get_data) refers to d2f.o(x$fpl$d2f) for __aeabi_d2f
[...]
    __set_errno                              0x080006e7   Thumb Code    12  _rserrno.o(.text)
    _printf_int_common                       0x080006f3   Thumb Code   178  _printf_intcommon.o(.text)
    __lib_sel_fp_printf                      0x080007a5   Thumb Code     2  _printf_fp_dec.o(.text)
    _printf_fp_dec_real                      0x08000957   Thumb Code   620  _printf_fp_dec.o(.text)
    _printf_char_common                      0x08000bcf   Thumb Code    32  _printf_char_common.o(.text)
    _sputc                                   0x08000bf5   Thumb Code    10  _sputc.o(.text)
    __aeabi_memclr                           0x08000bff   Thumb Code     0  rt_memclr.o(.text)
    __rt_memclr                              0x08000bff   Thumb Code    68  rt_memclr.o(.text)
    _memset                                  0x08000c03   Thumb Code     0  rt_memclr.o(.text)
    __rt_locale                              0x08000c45   Thumb Code     8  rt_locale_intlibspace.o(.text)
    __aeabi_errno_addr                       0x08000c4d   Thumb Code     8  rt_errno_addr_intlibspace.o(.text)
    __errno$intlibspace                      0x08000c4d   Thumb Code     0  rt_errno_addr_intlibspace.o(.text)
    __rt_errno_addr$intlibspace              0x08000c4d   Thumb Code     0  rt_errno_addr_intlibspace.o(.text)
    _ll_udiv10                               0x08000c55   Thumb Code   138  lludiv10.o(.text)
    _printf_fp_infnan                        0x08000ce1   Thumb Code   112  _printf_fp_infnan.o(.text)
    _btod_etento                             0x08000d61   Thumb Code   224  bigflt0.o(.text)
    __user_libspace                          0x08000e45   Thumb Code     8  libspace.o(.text)
    __user_perproc_libspace                  0x08000e45   Thumb Code     0  libspace.o(.text)
    __user_perthread_libspace                0x08000e45   Thumb Code     0  libspace.o(.text)
    __user_setup_stackheap                   0x08000e4d   Thumb Code    74  sys_stackheap_outer.o(.text)
    exit                                     0x08000e97   Thumb Code    18  exit.o(.text)
    strcmp                                   0x08000ea9   Thumb Code   128  strcmpv7m.o(.text)
    _sys_exit                                0x08000f29   Thumb Code     8  sys_exit.o(.text)
    __I$use$semihosting                      0x08000f35   Thumb Code     0  use_no_semi.o(.text)
    __use_no_semihosting_swi                 0x08000f35   Thumb Code     2  use_no_semi.o(.text)
    __semihosting_library_function           0x08000f37   Thumb Code     0  indicate_semi.o(.text)
    _btod_d2e                                0x08000f37   Thumb Code    62  btod.o(CL$$btod_d2e)
    _d2e_denorm_low                          0x08000f75   Thumb Code    70  btod.o(CL$$btod_d2e_denorm_low)
    _d2e_norm_op1                            0x08000fbb   Thumb Code    96  btod.o(CL$$btod_d2e_norm_op1)
    __btod_div_common                        0x0800101b   Thumb Code   696  btod.o(CL$$btod_div_common)
    _e2e                                     0x08001353   Thumb Code   220  btod.o(CL$$btod_e2e)
    _btod_ediv                               0x0800142f   Thumb Code    42  btod.o(CL$$btod_ediv)
    _btod_emul                               0x08001459   Thumb Code    42  btod.o(CL$$btod_emul)
    __btod_mult_common                       0x08001483   Thumb Code   580  btod.o(CL$$btod_mult_common)
    Bluetooth_task                           0x080016c9   Thumb Code   118  user_tasks.o(i.Bluetooth_task)
    BusFault_Handler                         0x08001779   Thumb Code     2  stm32f1xx_it.o(i.BusFault_Handler)
    DMA1_Channel3_IRQHandler                 0x0800177d   Thumb Code     6  stm32f1xx_it.o(i.DMA1_Channel3_IRQHandler)
    Data_rec                                 0x080017b5   Thumb Code    80  data_analysis.o(i.Data_rec)
    DebugMon_Handler                         0x08001815   Thumb Code     2  stm32f1xx_it.o(i.DebugMon_Handler)
    Error_Handler                            0x08001817   Thumb Code     4  main.o(i.Error_Handler)
    HAL_DMA_Abort                            0x0800181b   Thumb Code    70  stm32f1xx_hal_dma.o(i.HAL_DMA_Abort)
    HAL_DMA_Abort_IT                         0x08001861   Thumb Code   148  stm32f1xx_hal_dma.o(i.HAL_DMA_Abort_IT)
    HAL_DMA_IRQHandler                       0x080018f9   Thumb Code   316  stm32f1xx_hal_dma.o(i.HAL_DMA_IRQHandler)
    HAL_DMA_Init                             0x08001a4d   Thumb Code    84  stm32f1xx_hal_dma.o(i.HAL_DMA_Init)
    HAL_DMA_Start_IT                         0x08001aa9   Thumb Code   112  stm32f1xx_hal_dma.o(i.HAL_DMA_Start_IT)
    HAL_Delay                                0x08001b19   Thumb Code    32  stm32f1xx_hal.o(i.HAL_Delay)
    HAL_GPIO_Init                            0x08001b3d   Thumb Code   446  stm32f1xx_hal_gpio.o(i.HAL_GPIO_Init)
    HAL_GPIO_ReadPin                         0x08001d1d   Thumb Code    10  stm32f1xx_hal_gpio.o(i.HAL_GPIO_ReadPin)
    HAL_GPIO_WritePin                        0x08001d27   Thumb Code    10  stm32f1xx_hal_gpio.o(i.HAL_GPIO_WritePin)
    HAL_GetTick                              0x08001d31   Thumb Code     6  stm32f1xx_hal.o(i.HAL_GetTick)
    HAL_I2C_Init                             0x08001d3d   Thumb Code   376  stm32f1xx_hal_i2c.o(i.HAL_I2C_Init)
    HAL_I2C_Mem_Write                        0x08001ec5   Thumb Code   294  stm32f1xx_hal_i2c.o(i.HAL_I2C_Mem_Write)
    HAL_I2C_MspInit                          0x08001ff5   Thumb Code    96  i2c.o(i.HAL_I2C_MspInit)
    HAL_IncTick                              0x08002065   Thumb Code    12  stm32f1xx_hal.o(i.HAL_IncTick)
    HAL_Init                                 0x08002075   Thumb Code    32  stm32f1xx_hal.o(i.HAL_Init)
    HAL_InitTick                             0x08002099   Thumb Code   132  stm32f1xx_hal_timebase_tim.o(i.HAL_InitTick)
    HAL_MspInit                              0x08002131   Thumb Code    62  stm32f1xx_hal_msp.o(i.HAL_MspInit)
    HAL_NVIC_EnableIRQ                       0x08002179   Thumb Code    26  stm32f1xx_hal_cortex.o(i.HAL_NVIC_EnableIRQ)
    HAL_NVIC_SetPriority                     0x08002195   Thumb Code    60  stm32f1xx_hal_cortex.o(i.HAL_NVIC_SetPriority)
    HAL_NVIC_SetPriorityGrouping             0x080021d5   Thumb Code    26  stm32f1xx_hal_cortex.o(i.HAL_NVIC_SetPriorityGrouping)
    HAL_RCC_ClockConfig                      0x080021f9   Thumb Code   280  stm32f1xx_hal_rcc.o(i.HAL_RCC_ClockConfig)
    HAL_RCC_GetClockConfig                   0x08002325   Thumb Code    54  stm32f1xx_hal_rcc.o(i.HAL_RCC_GetClockConfig)
    HAL_RCC_GetPCLK1Freq                     0x08002365   Thumb Code    20  stm32f1xx_hal_rcc.o(i.HAL_RCC_GetPCLK1Freq)
    HAL_RCC_GetPCLK2Freq                     0x08002385   Thumb Code    20  stm32f1xx_hal_rcc.o(i.HAL_RCC_GetPCLK2Freq)
    HAL_RCC_GetSysClockFreq                  0x080023a5   Thumb Code    58  stm32f1xx_hal_rcc.o(i.HAL_RCC_GetSysClockFreq)
    HAL_RCC_OscConfig                        0x080023f1   Thumb Code   778  stm32f1xx_hal_rcc.o(i.HAL_RCC_OscConfig)
    HAL_TIMEx_BreakCallback                  0x08002711   Thumb Code     2  stm32f1xx_hal_tim_ex.o(i.HAL_TIMEx_BreakCallback)
    HAL_TIMEx_CommutCallback                 0x08002713   Thumb Code     2  stm32f1xx_hal_tim_ex.o(i.HAL_TIMEx_CommutCallback)
    HAL_TIMEx_ConfigBreakDeadTime            0x08002715   Thumb Code    84  stm32f1xx_hal_tim_ex.o(i.HAL_TIMEx_ConfigBreakDeadTime)
    HAL_TIMEx_MasterConfigSynchronization    0x08002769   Thumb Code    92  stm32f1xx_hal_tim_ex.o(i.HAL_TIMEx_MasterConfigSynchronization)
    HAL_TIM_Base_Init                        0x080027d1   Thumb Code    90  stm32f1xx_hal_tim.o(i.HAL_TIM_Base_Init)
    HAL_TIM_Base_MspInit                     0x0800282b   Thumb Code     2  stm32f1xx_hal_tim.o(i.HAL_TIM_Base_MspInit)
    HAL_TIM_Base_Start_IT                    0x0800282d   Thumb Code    76  stm32f1xx_hal_tim.o(i.HAL_TIM_Base_Start_IT)
    HAL_TIM_Encoder_Init                     0x08002885   Thumb Code   164  stm32f1xx_hal_tim.o(i.HAL_TIM_Encoder_Init)
    HAL_TIM_Encoder_MspInit                  0x08002929   Thumb Code   122  tim.o(i.HAL_TIM_Encoder_MspInit)
    HAL_TIM_Encoder_Start                    0x080029b5   Thumb Code   142  stm32f1xx_hal_tim.o(i.HAL_TIM_Encoder_Start)
    HAL_TIM_IC_CaptureCallback               0x08002a43   Thumb Code     2  stm32f1xx_hal_tim.o(i.HAL_TIM_IC_CaptureCallback)
    HAL_TIM_IRQHandler                       0x08002a45   Thumb Code   304  stm32f1xx_hal_tim.o(i.HAL_TIM_IRQHandler)
    HAL_TIM_MspPostInit                      0x08002b75   Thumb Code    64  tim.o(i.HAL_TIM_MspPostInit)
    HAL_TIM_OC_DelayElapsedCallback          0x08002bc1   Thumb Code     2  stm32f1xx_hal_tim.o(i.HAL_TIM_OC_DelayElapsedCallback)
    HAL_TIM_PWM_ConfigChannel                0x08002bc3   Thumb Code   204  stm32f1xx_hal_tim.o(i.HAL_TIM_PWM_ConfigChannel)
    HAL_TIM_PWM_Init                         0x08002c8f   Thumb Code    90  stm32f1xx_hal_tim.o(i.HAL_TIM_PWM_Init)
    HAL_TIM_PWM_MspInit                      0x08002ce9   Thumb Code    30  tim.o(i.HAL_TIM_PWM_MspInit)
    HAL_TIM_PWM_PulseFinishedCallback        0x08002d11   Thumb Code     2  stm32f1xx_hal_tim.o(i.HAL_TIM_PWM_PulseFinishedCallback)
    HAL_TIM_PWM_Start                        0x08002d15   Thumb Code   144  stm32f1xx_hal_tim.o(i.HAL_TIM_PWM_Start)
    HAL_TIM_PeriodElapsedCallback            0x08002db1   Thumb Code    14  main.o(i.HAL_TIM_PeriodElapsedCallback)
    HAL_TIM_TriggerCallback                  0x08002dc5   Thumb Code     2  stm32f1xx_hal_tim.o(i.HAL_TIM_TriggerCallback)
    HAL_UARTEx_RxEventCallback               0x08002dc7   Thumb Code     2  stm32f1xx_hal_uart.o(i.HAL_UARTEx_RxEventCallback)
    HAL_UART_ErrorCallback                   0x08002dc9   Thumb Code     2  stm32f1xx_hal_uart.o(i.HAL_UART_ErrorCallback)
    HAL_UART_IRQHandler                      0x08002dcd   Thumb Code   616  stm32f1xx_hal_uart.o(i.HAL_UART_IRQHandler)
    HAL_UART_Init                            0x08003039   Thumb Code   100  stm32f1xx_hal_uart.o(i.HAL_UART_Init)
    HAL_UART_MspInit                         0x0800309d   Thumb Code   154  usart.o(i.HAL_UART_MspInit)
    HAL_UART_Receive_DMA                     0x0800314d   Thumb Code    28  stm32f1xx_hal_uart.o(i.HAL_UART_Receive_DMA)
    HAL_UART_RxCpltCallback                  0x08003169   Thumb Code    34  stm32f1xx_it.o(i.HAL_UART_RxCpltCallback)
    HAL_UART_RxHalfCpltCallback              0x08003199   Thumb Code     2  stm32f1xx_hal_uart.o(i.HAL_UART_RxHalfCpltCallback)
    HAL_UART_TxCpltCallback                  0x0800319b   Thumb Code     2  stm32f1xx_hal_uart.o(i.HAL_UART_TxCpltCallback)
    HardFault_Handler                        0x0800319d   Thumb Code     2  stm32f1xx_it.o(i.HardFault_Handler)
    IIC_Ack                                  0x08003471   Thumb Code    60  iic.o(i.IIC_Ack)
    IIC_GPIO_Init                            0x080034bd   Thumb Code    50  iic.o(i.IIC_GPIO_Init)
    IIC_NAck                                 0x080034f9   Thumb Code    50  iic.o(i.IIC_NAck)
    IIC_Read_Byte                            0x08003531   Thumb Code    84  iic.o(i.IIC_Read_Byte)
    IIC_Send_Byte                            0x08003589   Thumb Code    86  iic.o(i.IIC_Send_Byte)
    IIC_Start                                0x080035e5   Thumb Code    60  iic.o(i.IIC_Start)
    IIC_Stop                                 0x08003625   Thumb Code    42  iic.o(i.IIC_Stop)
    IIC_Wait_Ack                             0x08003655   Thumb Code    66  iic.o(i.IIC_Wait_Ack)
    MPU_Get_Gyroscope                        0x0800369d   Thumb Code    50  mpu6050.o(i.MPU_Get_Gyroscope)
    MPU_Read_Len                             0x080036d1   Thumb Code   108  mpu6050.o(i.MPU_Read_Len)
    MPU_Write_Len                            0x0800373d   Thumb Code    82  mpu6050.o(i.MPU_Write_Len)
    MX_DMA_Init                              0x08003791   Thumb Code    40  dma.o(i.MX_DMA_Init)
    MX_FREERTOS_Init                         0x080037bd   Thumb Code    96  freertos.o(i.MX_FREERTOS_Init)
    MX_GPIO_Init                             0x08003825   Thumb Code   190  gpio.o(i.MX_GPIO_Init)
    MX_I2C1_Init                             0x080038f1   Thumb Code    50  i2c.o(i.MX_I2C1_Init)
    MX_TIM1_Init                             0x08003931   Thumb Code   168  tim.o(i.MX_TIM1_Init)
    MX_TIM2_Init                             0x080039e1   Thumb Code   102  tim.o(i.MX_TIM2_Init)
    MX_TIM4_Init                             0x08003a4d   Thumb Code   100  tim.o(i.MX_TIM4_Init)
    MX_USART3_UART_Init                      0x08003ab9   Thumb Code    48  usart.o(i.MX_USART3_UART_Init)
    MemManage_Handler                        0x08003af1   Thumb Code     2  stm32f1xx_it.o(i.MemManage_Handler)
    NMI_Handler                              0x08003af3   Thumb Code     2  stm32f1xx_it.o(i.NMI_Handler)
    OLED_Clear                               0x08003af5   Thumb Code    52  oled.o(i.OLED_Clear)
    OLED_Init                                0x08003b29   Thumb Code    16  oled.o(i.OLED_Init)
    OLED_Set_Pos                             0x08003b39   Thumb Code    34  oled.o(i.OLED_Set_Pos)
    OLED_ShowChar                            0x08003b5d   Thumb Code   126  oled.o(i.OLED_ShowChar)
    OLED_ShowString                          0x08003be5   Thumb Code    54  oled.o(i.OLED_ShowString)
    OLED_WR_CMD                              0x08003c1d   Thumb Code    32  oled.o(i.OLED_WR_CMD)
    OLED_WR_DATA                             0x08003c41   Thumb Code    32  oled.o(i.OLED_WR_DATA)
    PID_Init                                 0x08003c65   Thumb Code     6  motor_control.o(i.PID_Init)
    StartDefaultTask                         0x08003c6b   Thumb Code     8  freertos.o(i.StartDefaultTask)
    SysTick_Handler                          0x08003c75   Thumb Code    38  port.o(i.SysTick_Handler)
    SystemClock_Config                       0x08003ca1   Thumb Code    94  main.o(i.SystemClock_Config)
    SystemInit                               0x08003cff   Thumb Code     2  system_stm32f1xx.o(i.SystemInit)
    TIM3_IRQHandler                          0x08003d01   Thumb Code     6  stm32f1xx_it.o(i.TIM3_IRQHandler)
    TIM_Base_SetConfig                       0x08003d0d   Thumb Code   108  stm32f1xx_hal_tim.o(i.TIM_Base_SetConfig)
    TIM_CCxChannelCmd                        0x08003d85   Thumb Code    26  stm32f1xx_hal_tim.o(i.TIM_CCxChannelCmd)
    TIM_OC2_SetConfig                        0x08003df1   Thumb Code    84  stm32f1xx_hal_tim.o(i.TIM_OC2_SetConfig)
    UART_Start_Receive_DMA                   0x080041c9   Thumb Code   130  stm32f1xx_hal_uart.o(i.UART_Start_Receive_DMA)
    USART3_IRQHandler                        0x08004259   Thumb Code     6  stm32f1xx_it.o(i.USART3_IRQHandler)
    UsageFault_Handler                       0x08004265   Thumb Code     2  stm32f1xx_it.o(i.UsageFault_Handler)
    WriteCmd                                 0x08004269   Thumb Code    42  oled.o(i.WriteCmd)
    __ARM_fpclassify                         0x0800429d   Thumb Code    40  fpclassify.o(i.__ARM_fpclassify)
    __kernel_poly                            0x080042e5   Thumb Code   170  poly.o(i.__kernel_poly)
    __mathlib_dbl_infnan                     0x0800438f   Thumb Code     6  dunder.o(i.__mathlib_dbl_infnan)
    __mathlib_dbl_infnan2                    0x08004395   Thumb Code     4  dunder.o(i.__mathlib_dbl_infnan2)
    __mathlib_dbl_invalid                    0x08004399   Thumb Code    12  dunder.o(i.__mathlib_dbl_invalid)
    __mathlib_dbl_underflow                  0x080043a5   Thumb Code    10  dunder.o(i.__mathlib_dbl_underflow)
    asin                                     0x08004435   Thumb Code   572  asin.o(i.asin)
    atan                                     0x080046a5   Thumb Code   474  atan.o(i.atan)
    atan2                                    0x080048c5   Thumb Code   346  atan2.o(i.atan2)
    dmp_enable_6x_lp_quat                    0x08004a45   Thumb Code    58  inv_mpu_dmp_motion_driver.o(i.dmp_enable_6x_lp_quat)
    dmp_enable_feature                       0x08004a81   Thumb Code   464  inv_mpu_dmp_motion_driver.o(i.dmp_enable_feature)
    dmp_enable_gyro_cal                      0x08004c59   Thumb Code    34  inv_mpu_dmp_motion_driver.o(i.dmp_enable_gyro_cal)
    dmp_enable_lp_quat                       0x08004c95   Thumb Code    58  inv_mpu_dmp_motion_driver.o(i.dmp_enable_lp_quat)
    dmp_load_motion_driver_firmware          0x08004cd1   Thumb Code    16  inv_mpu_dmp_motion_driver.o(i.dmp_load_motion_driver_firmware)
    dmp_read_fifo                            0x08004ce5   Thumb Code   320  inv_mpu_dmp_motion_driver.o(i.dmp_read_fifo)
    dmp_set_accel_bias                       0x08004e29   Thumb Code   210  inv_mpu_dmp_motion_driver.o(i.dmp_set_accel_bias)
    dmp_set_fifo_rate                        0x08004f01   Thumb Code    82  inv_mpu_dmp_motion_driver.o(i.dmp_set_fifo_rate)
    dmp_set_gyro_bias                        0x08004f65   Thumb Code   196  inv_mpu_dmp_motion_driver.o(i.dmp_set_gyro_bias)
    dmp_set_orientation                      0x08005031   Thumb Code   246  inv_mpu_dmp_motion_driver.o(i.dmp_set_orientation)
    dmp_set_shake_reject_thresh              0x0800513d   Thumb Code    48  inv_mpu_dmp_motion_driver.o(i.dmp_set_shake_reject_thresh)
    dmp_set_shake_reject_time                0x0800516d   Thumb Code    32  inv_mpu_dmp_motion_driver.o(i.dmp_set_shake_reject_time)
    dmp_set_shake_reject_timeout             0x0800518d   Thumb Code    32  inv_mpu_dmp_motion_driver.o(i.dmp_set_shake_reject_timeout)
    dmp_set_tap_axes                         0x080051ad   Thumb Code    64  inv_mpu_dmp_motion_driver.o(i.dmp_set_tap_axes)
    dmp_set_tap_count                        0x080051ed   Thumb Code    34  inv_mpu_dmp_motion_driver.o(i.dmp_set_tap_count)
    dmp_set_tap_thresh                       0x08005211   Thumb Code   274  inv_mpu_dmp_motion_driver.o(i.dmp_set_tap_thresh)
    dmp_set_tap_time                         0x08005339   Thumb Code    32  inv_mpu_dmp_motion_driver.o(i.dmp_set_tap_time)
    dmp_set_tap_time_multi                   0x08005359   Thumb Code    32  inv_mpu_dmp_motion_driver.o(i.dmp_set_tap_time_multi)
    encoder_left_velocity                    0x08005379   Thumb Code    14  motor_control.o(i.encoder_left_velocity)
    encoder_right_velocity                   0x0800538d   Thumb Code    16  motor_control.o(i.encoder_right_velocity)
    inv_orientation_matrix_to_scalar         0x08005835   Thumb Code    34  inv_mpu.o(i.inv_orientation_matrix_to_scalar)
    inv_row_2_scale                          0x08005857   Thumb Code    72  inv_mpu.o(i.inv_row_2_scale)
    lowpass                                  0x0800589f   Thumb Code    48  motor_control.o(i.lowpass)
    main                                     0x080058d1   Thumb Code   102  main.o(i.main)
    mget_ms                                  0x08005951   Thumb Code     2  inv_mpu.o(i.mget_ms)
    motor1_control                           0x08005955   Thumb Code    80  motor_control.o(i.motor1_control)
    motor2_control                           0x080059ad   Thumb Code    80  motor_control.o(i.motor2_control)
    motor_control                            0x08005a05   Thumb Code   120  motor_control.o(i.motor_control)
    motor_task                               0x08005a85   Thumb Code    78  user_tasks.o(i.motor_task)
    mpu_configure_fifo                       0x08005b05   Thumb Code    78  inv_mpu.o(i.mpu_configure_fifo)
    mpu_dmp_get_data                         0x08005b59   Thumb Code   408  inv_mpu.o(i.mpu_dmp_get_data)
    mpu_dmp_init                             0x08005cf5   Thumb Code   158  inv_mpu.o(i.mpu_dmp_init)
    mpu_get_accel_fsr                        0x08005d99   Thumb Code    54  inv_mpu.o(i.mpu_get_accel_fsr)
    mpu_get_accel_sens                       0x08005dd5   Thumb Code    62  inv_mpu.o(i.mpu_get_accel_sens)
    mpu_get_gyro_fsr                         0x08005e19   Thumb Code    48  inv_mpu.o(i.mpu_get_gyro_fsr)
    mpu_get_gyro_sens                        0x08005e4d   Thumb Code    44  inv_mpu.o(i.mpu_get_gyro_sens)
    mpu_get_lpf                              0x08005e8d   Thumb Code    52  inv_mpu.o(i.mpu_get_lpf)
    mpu_get_sample_rate                      0x08005ec5   Thumb Code    22  inv_mpu.o(i.mpu_get_sample_rate)
    mpu_init                                 0x08005ee1   Thumb Code   288  inv_mpu.o(i.mpu_init)
    mpu_load_firmware                        0x08006005   Thumb Code   154  inv_mpu.o(i.mpu_load_firmware)
    mpu_lp_accel_mode                        0x080060a5   Thumb Code   178  inv_mpu.o(i.mpu_lp_accel_mode)
    mpu_read_fifo_stream                     0x0800615d   Thumb Code   140  inv_mpu.o(i.mpu_read_fifo_stream)
    mpu_read_mem                             0x080061ed   Thumb Code    80  inv_mpu.o(i.mpu_read_mem)
    mpu_reset_fifo                           0x08006241   Thumb Code   346  inv_mpu.o(i.mpu_reset_fifo)
    mpu_run_self_test                        0x080063a1   Thumb Code   234  inv_mpu.o(i.mpu_run_self_test)
    mpu_set_accel_fsr                        0x08006491   Thumb Code    98  inv_mpu.o(i.mpu_set_accel_fsr)
    mpu_set_bypass                           0x080064f9   Thumb Code   214  inv_mpu.o(i.mpu_set_bypass)
    mpu_set_dmp_state                        0x080065d5   Thumb Code   114  inv_mpu.o(i.mpu_set_dmp_state)
    mpu_set_gyro_fsr                         0x0800664d   Thumb Code   104  inv_mpu.o(i.mpu_set_gyro_fsr)
    mpu_set_int_latched                      0x080066b9   Thumb Code    94  inv_mpu.o(i.mpu_set_int_latched)
    mpu_set_lpf                              0x0800671d   Thumb Code   102  inv_mpu.o(i.mpu_set_lpf)
    mpu_set_sample_rate                      0x08006789   Thumb Code   124  inv_mpu.o(i.mpu_set_sample_rate)
    mpu_set_sensors                          0x08006809   Thumb Code   178  inv_mpu.o(i.mpu_set_sensors)
    mpu_write_mem                            0x080068c1   Thumb Code    80  inv_mpu.o(i.mpu_write_mem)
    osDelay                                  0x08006915   Thumb Code    14  cmsis_os.o(i.osDelay)
    osKernelStart                            0x08006923   Thumb Code    10  cmsis_os.o(i.osKernelStart)
    osThreadCreate                           0x0800692d   Thumb Code    84  cmsis_os.o(i.osThreadCreate)
    pvPortMalloc                             0x08006e01   Thumb Code   216  heap_4.o(i.pvPortMalloc)
    pwm_limit                                0x08006edd   Thumb Code    18  motor_control.o(i.pwm_limit)
    pxPortInitialiseStack                    0x08006ef1   Thumb Code    32  port.o(i.pxPortInitialiseStack)
    run_self_test                            0x08006f15   Thumb Code   118  inv_mpu.o(i.run_self_test)
    sensor_task                              0x08006f8d   Thumb Code    46  user_tasks.o(i.sensor_task)
    sqrt                                     0x08007019   Thumb Code    76  sqrt.o(i.sqrt)
    turn_pid                                 0x08007065   Thumb Code    50  motor_control.o(i.turn_pid)
    uxListRemove                             0x0800709d   Thumb Code    38  list.o(i.uxListRemove)
    vApplicationGetIdleTaskMemory            0x080070c5   Thumb Code    16  freertos.o(i.vApplicationGetIdleTaskMemory)
    vListInitialise                          0x080070d9   Thumb Code    22  list.o(i.vListInitialise)
    vListInitialiseItem                      0x080070ef   Thumb Code     6  list.o(i.vListInitialiseItem)
    vListInsert                              0x080070f5   Thumb Code    48  list.o(i.vListInsert)
    vListInsertEnd                           0x08007125   Thumb Code    24  list.o(i.vListInsertEnd)
    vPortEnterCritical                       0x0800713d   Thumb Code    54  port.o(i.vPortEnterCritical)
    vPortExitCritical                        0x0800717d   Thumb Code    34  port.o(i.vPortExitCritical)
    vPortFree                                0x080071a5   Thumb Code    94  heap_4.o(i.vPortFree)
    vPortSetupTimerInterrupt                 0x08007209   Thumb Code    32  port.o(i.vPortSetupTimerInterrupt)
    vPortValidateInterruptPriority           0x0800722d   Thumb Code    74  port.o(i.vPortValidateInterruptPriority)
    vTaskDelay                               0x08007281   Thumb Code    66  tasks.o(i.vTaskDelay)
    vTaskInternalSetTimeOutState             0x080072cd   Thumb Code    12  tasks.o(i.vTaskInternalSetTimeOutState)
    vTaskMissedYield                         0x080072dd   Thumb Code     8  tasks.o(i.vTaskMissedYield)
    vTaskPlaceOnEventList                    0x080072e9   Thumb Code    44  tasks.o(i.vTaskPlaceOnEventList)
    vTaskStartScheduler                      0x08007319   Thumb Code    90  tasks.o(i.vTaskStartScheduler)
    vTaskSuspendAll                          0x08007385   Thumb Code    10  tasks.o(i.vTaskSuspendAll)
    vTaskSwitchContext                       0x08007395   Thumb Code    82  tasks.o(i.vTaskSwitchContext)
    velocity_pid                             0x080073f1   Thumb Code   112  motor_control.o(i.velocity_pid)
    vertical_pid                             0x08007475   Thumb Code    50  motor_control.o(i.vertical_pid)
    xPortStartScheduler                      0x080074ad   Thumb Code   154  port.o(i.xPortStartScheduler)
    xQueueGenericCreate                      0x08007555   Thumb Code    66  queue.o(i.xQueueGenericCreate)
    xQueueGenericReset                       0x08007599   Thumb Code   132  queue.o(i.xQueueGenericReset)
    xQueueGenericSendFromISR                 0x08007621   Thumb Code   190  queue.o(i.xQueueGenericSendFromISR)
    xQueueReceive                            0x080076e1   Thumb Code   308  queue.o(i.xQueueReceive)
    xTaskCheckForTimeOut                     0x08007819   Thumb Code   112  tasks.o(i.xTaskCheckForTimeOut)
    xTaskCreate                              0x0800788d   Thumb Code    90  tasks.o(i.xTaskCreate)
    xTaskCreateStatic                        0x080078e7   Thumb Code    86  tasks.o(i.xTaskCreateStatic)
    xTaskGetSchedulerState                   0x0800793d   Thumb Code    22  tasks.o(i.xTaskGetSchedulerState)
    xTaskIncrementTick                       0x08007959   Thumb Code   194  tasks.o(i.xTaskIncrementTick)
    xTaskPriorityDisinherit                  0x08007a25   Thumb Code   144  tasks.o(i.xTaskPriorityDisinherit)
    xTaskRemoveFromEventList                 0x08007abd   Thumb Code   108  tasks.o(i.xTaskRemoveFromEventList)
    xTaskResumeAll                           0x08007b31   Thumb Code   182  tasks.o(i.xTaskResumeAll)
    _get_lc_numeric                          0x08007bf5   Thumb Code    44  lc_numeric_c.o(locale$$code)
    __aeabi_d2f                              0x08007c21   Thumb Code     0  d2f.o(x$fpl$d2f)
    _d2f                                     0x08007c21   Thumb Code    98  d2f.o(x$fpl$d2f)
    __aeabi_dadd                             0x08007c85   Thumb Code     0  daddsub_clz.o(x$fpl$dadd)
    _dadd                                    0x08007c85   Thumb Code   332  daddsub_clz.o(x$fpl$dadd)
    __fpl_dcheck_NaN1                        0x08007dd5   Thumb Code    10  dcheck1.o(x$fpl$dcheck1)
    __aeabi_ddiv                             0x08007de5   Thumb Code     0  ddiv.o(x$fpl$ddiv)
    _ddiv                                    0x08007de5   Thumb Code   552  ddiv.o(x$fpl$ddiv)
    __aeabi_dmul                             0x08008095   Thumb Code     0  dmul.o(x$fpl$dmul)
    _dmul                                    0x08008095   Thumb Code   332  dmul.o(x$fpl$dmul)
    __fpl_dnaninf                            0x080081e9   Thumb Code   156  dnaninf.o(x$fpl$dnaninf)
    __fpl_dretinf                            0x08008285   Thumb Code    12  dretinf.o(x$fpl$dretinf)
    __aeabi_drsub                            0x08008291   Thumb Code     0  daddsub_clz.o(x$fpl$drsb)
    _drsb                                    0x08008291   Thumb Code    22  daddsub_clz.o(x$fpl$drsb)
    _dsqrt                                   0x080082a9   Thumb Code   456  dsqrt_noumaal.o(x$fpl$dsqrt)
    __aeabi_dsub                             0x08008475   Thumb Code     0  daddsub_clz.o(x$fpl$dsub)
    _dsub                                    0x08008475   Thumb Code   464  daddsub_clz.o(x$fpl$dsub)
    __aeabi_f2d                              0x08008649   Thumb Code     0  f2d.o(x$fpl$f2d)
    _f2d                                     0x08008649   Thumb Code    86  f2d.o(x$fpl$f2d)
    __aeabi_fadd                             0x080086a1   Thumb Code     0  faddsub_clz.o(x$fpl$fadd)
    _fadd                                    0x080086a1   Thumb Code   196  faddsub_clz.o(x$fpl$fadd)
    __fpl_fcheck_NaN1                        0x08008765   Thumb Code     6  fcheck1.o(x$fpl$fcheck1)
    __aeabi_fdiv                             0x08008771   Thumb Code     0  fdiv.o(x$fpl$fdiv)
    _fdiv                                    0x08008771   Thumb Code   384  fdiv.o(x$fpl$fdiv)
    __aeabi_f2iz                             0x080088f5   Thumb Code     0  ffix.o(x$fpl$ffix)
    _ffix                                    0x080088f5   Thumb Code    54  ffix.o(x$fpl$ffix)
    __aeabi_f2uiz                            0x0800892d   Thumb Code     0  ffixu.o(x$fpl$ffixu)
    _ffixu                                   0x0800892d   Thumb Code    62  ffixu.o(x$fpl$ffixu)
    __aeabi_i2f                              0x0800896d   Thumb Code     0  fflt_clz.o(x$fpl$fflt)
    _fflt                                    0x0800896d   Thumb Code    48  fflt_clz.o(x$fpl$fflt)
    __aeabi_ui2f                             0x0800899d   Thumb Code     0  fflt_clz.o(x$fpl$ffltu)
    _ffltu                                   0x0800899d   Thumb Code    38  fflt_clz.o(x$fpl$ffltu)
    __aeabi_fmul                             0x080089c5   Thumb Code     0  fmul.o(x$fpl$fmul)
    _fmul                                    0x080089c5   Thumb Code   258  fmul.o(x$fpl$fmul)
    __fpl_fnaninf                            0x08008ac7   Thumb Code   140  fnaninf.o(x$fpl$fnaninf)
    __fpl_fretinf                            0x08008b53   Thumb Code    10  fretinf.o(x$fpl$fretinf)
    __aeabi_frsub                            0x08008b5d   Thumb Code     0  faddsub_clz.o(x$fpl$frsb)
    _frsb                                    0x08008b5d   Thumb Code    20  faddsub_clz.o(x$fpl$frsb)
    __aeabi_fsub                             0x08008b71   Thumb Code     0  faddsub_clz.o(x$fpl$fsub)
    _fsub                                    0x08008b71   Thumb Code   234  faddsub_clz.o(x$fpl$fsub)
    _printf_fp_dec                           0x08008c5b   Thumb Code     4  printf1.o(x$fpl$printf1)
    __fpl_return_NaN                         0x08008c5f   Thumb Code   100  retnan.o(x$fpl$retnan)
    __ARM_scalbn                             0x08008cc3   Thumb Code    92  scalbn.o(x$fpl$scalbn)
    __ARM_scalbnf                            0x08008d1f   Thumb Code    76  scalbnf.o(x$fpl$scalbnf)
    __fpl_cmpreturn                          0x08008d6b   Thumb Code    48  trapv.o(x$fpl$trapveneer)
    __I$use$fp                               0x08008d9a   Number         0  usenofp.o(x$fpl$usenofp)
    reg                                      0x08008d9a   Data          27  inv_mpu.o(.constdata)
    hw                                       0x08008db6   Data          12  inv_mpu.o(.constdata)
    test                                     0x08008dc4   Data          40  inv_mpu.o(.constdata)
    F6x8                                     0x080099e2   Data         552  oled.o(.constdata)
    F8X16                                    0x08009c0a   Data        1504  oled.o(.constdata)
    Hzk                                      0x0800a1ea   Data         448  oled.o(.constdata)
    AHBPrescTable                            0x0800a42e   Data          16  system_stm32f1xx.o(.constdata)
    APBPrescTable                            0x0800a43e   Data           8  system_stm32f1xx.o(.constdata)
    __mathlib_zero                           0x0800a530   Data           8  qnan.o(.constdata)
    Region$$Table$$Base                      0x0800a5f4   Number         0  anon$$obj.o(Region$$Table)
    Region$$Table$$Limit                     0x0800a614   Number         0  anon$$obj.o(Region$$Table)
    velocity                                 0x20000038   Data           2  motor_control.o(.data)
    angle_turn                               0x2000003a   Data           2  motor_control.o(.data)
    left_v                                   0x2000003c   Data           2  motor_control.o(.data)
    right_v                                  0x2000003e   Data           2  motor_control.o(.data)
    mechanical_angle                         0x20000040   Data           4  motor_control.o(.data)
    velocity_pid_out                         0x20000048   Data           4  motor_control.o(.data)
    vertical_pid_out                         0x2000004c   Data           4  motor_control.o(.data)
    turn_pid_out                             0x20000050   Data           4  motor_control.o(.data)
    CMD_Data                                 0x20000054   Data          27  oled.o(.data)
    pData                                    0x20000070   Data           3  user_tasks.o(.data)
    xQueue_rec                               0x20000074   Data           4  user_tasks.o(.data)
    Data_receive                             0x20000078   Data           3  data_analysis.o(.data)
    defaultTaskHandle                        0x2000007c   Data           4  freertos.o(.data)
    sensorHandle                             0x20000080   Data           4  freertos.o(.data)
    motorHandle                              0x20000084   Data           4  freertos.o(.data)
    BluetoothHandle                          0x20000088   Data           4  freertos.o(.data)
    uwTickFreq                               0x2000008c   Data           1  stm32f1xx_hal.o(.data)
    uwTickPrio                               0x20000090   Data           4  stm32f1xx_hal.o(.data)
    uwTick                                   0x20000094   Data           4  stm32f1xx_hal.o(.data)
    SystemCoreClock                          0x20000098   Data           4  system_stm32f1xx.o(.data)
    pxCurrentTCB                             0x2000009c   Data           4  tasks.o(.data)
    pid_vertical                             0x20000114   Data          40  motor_control.o(.bss)
    pid_velocity                             0x2000013c   Data          40  motor_control.o(.bss)
    pid_turn                                 0x20000164   Data          40  motor_control.o(.bss)
    mpu_value                                0x2000018c   Data          20  user_tasks.o(.bss)
    hi2c1                                    0x200003f4   Data          84  i2c.o(.bss)
    htim1                                    0x20000448   Data          72  tim.o(.bss)
    htim2                                    0x20000490   Data          72  tim.o(.bss)
    htim4                                    0x200004d8   Data          72  tim.o(.bss)
    huart3                                   0x20000520   Data          72  usart.o(.bss)
    hdma_usart3_rx                           0x20000568   Data          68  usart.o(.bss)
    htim3                                    0x200005ac   Data          72  stm32f1xx_hal_timebase_tim.o(.bss)
    __libspace_start                         0x200012e4   Data          96  libspace.o(.bss)
    __temporary_stack_top$libspace           0x20001344   Data           0  libspace.o(.bss)



==============================================================================

Memory Map of the image

  Image Entry point : 0x080000ed

  Load Region LR_IROM1 (Base: 0x08000000, Size: 0x0000a734, Max: 0x00010000, ABSOLUTE)

    Execution Region ER_IROM1 (Exec base: 0x08000000, Load base: 0x08000000, Size: 0x0000a630, Max: 0x00010000, ABSOLUTE)

    Exec Addr    Load Addr    Size         Type   Attr      Idx    E Section Name        Object

    0x08000000   0x08000000   0x000000ec   Data   RO         1181    RESET               startup_stm32f103xb.o
    0x080000ec   0x080000ec   0x00000008   Code   RO         5810  * !!!main             c_w.l(__main.o)
    0x080000f4   0x080000f4   0x00000034   Code   RO         6172    !!!scatter          c_w.l(__scatter.o)
    0x08000128   0x08000128   0x0000001a   Code   RO         6174    !!handler_copy      c_w.l(__scatter_copy.o)
    0x08000142   0x08000142   0x00000002   PAD
    0x08000144   0x08000144   0x0000001c   Code   RO         6176    !!handler_zi        c_w.l(__scatter_zi.o)
    0x08000160   0x08000160   0x00000000   Code   RO         5795    .ARM.Collect$$_printf_percent$$00000000  c_w.l(_printf_percent.o)
    0x08000160   0x08000160   0x00000006   Code   RO         5794    .ARM.Collect$$_printf_percent$$00000003  c_w.l(_printf_f.o)
    0x08000166   0x08000166   0x00000006   Code   RO         5793    .ARM.Collect$$_printf_percent$$00000009  c_w.l(_printf_d.o)
    0x0800016c   0x0800016c   0x00000004   Code   RO         5895    .ARM.Collect$$_printf_percent$$00000017  c_w.l(_printf_percent_end.o)
    0x08000170   0x08000170   0x00000002   Code   RO         6037    .ARM.Collect$$libinit$$00000000  c_w.l(libinit.o)
    0x08000172   0x08000172   0x00000000   Code   RO         6039    .ARM.Collect$$libinit$$00000002  c_w.l(libinit2.o)
    0x08000172   0x08000172   0x00000000   Code   RO         6041    .ARM.Collect$$libinit$$00000004  c_w.l(libinit2.o)
    0x08000172   0x08000172   0x00000000   Code   RO         6044    .ARM.Collect$$libinit$$0000000A  c_w.l(libinit2.o)
    0x08000172   0x08000172   0x00000000   Code   RO         6046    .ARM.Collect$$libinit$$0000000C  c_w.l(libinit2.o)
    0x08000172   0x08000172   0x00000000   Code   RO         6048    .ARM.Collect$$libinit$$0000000E  c_w.l(libinit2.o)
    0x08000172   0x08000172   0x00000006   Code   RO         6049    .ARM.Collect$$libinit$$0000000F  c_w.l(libinit2.o)
    0x08000178   0x08000178   0x00000000   Code   RO         6051    .ARM.Collect$$libinit$$00000011  c_w.l(libinit2.o)
    0x08000178   0x08000178   0x00000000   Code   RO         6053    .ARM.Collect$$libinit$$00000013  c_w.l(libinit2.o)
    0x08000178   0x08000178   0x00000000   Code   RO         6055    .ARM.Collect$$libinit$$00000015  c_w.l(libinit2.o)
    0x08000178   0x08000178   0x0000000a   Code   RO         6056    .ARM.Collect$$libinit$$00000016  c_w.l(libinit2.o)
    0x08000182   0x08000182   0x00000000   Code   RO         6057    .ARM.Collect$$libinit$$00000017  c_w.l(libinit2.o)
    0x08000182   0x08000182   0x00000000   Code   RO         6059    .ARM.Collect$$libinit$$00000019  c_w.l(libinit2.o)
    0x08000182   0x08000182   0x00000000   Code   RO         6061    .ARM.Collect$$libinit$$0000001B  c_w.l(libinit2.o)
    0x08000182   0x08000182   0x00000000   Code   RO         6063    .ARM.Collect$$libinit$$0000001D  c_w.l(libinit2.o)
    0x08000182   0x08000182   0x00000000   Code   RO         6065    .ARM.Collect$$libinit$$0000001F  c_w.l(libinit2.o)
    0x08000182   0x08000182   0x00000000   Code   RO         6067    .ARM.Collect$$libinit$$00000021  c_w.l(libinit2.o)
    0x08000182   0x08000182   0x00000000   Code   RO         6069    .ARM.Collect$$libinit$$00000023  c_w.l(libinit2.o)
    0x08000182   0x08000182   0x00000000   Code   RO         6071    .ARM.Collect$$libinit$$00000025  c_w.l(libinit2.o)
    0x08000182   0x08000182   0x00000000   Code   RO         6075    .ARM.Collect$$libinit$$0000002C  c_w.l(libinit2.o)
    0x08000182   0x08000182   0x00000000   Code   RO         6077    .ARM.Collect$$libinit$$0000002E  c_w.l(libinit2.o)
    0x08000182   0x08000182   0x00000000   Code   RO         6079    .ARM.Collect$$libinit$$00000030  c_w.l(libinit2.o)
    0x08000182   0x08000182   0x00000000   Code   RO         6081    .ARM.Collect$$libinit$$00000032  c_w.l(libinit2.o)
    0x08000182   0x08000182   0x00000002   Code   RO         6082    .ARM.Collect$$libinit$$00000033  c_w.l(libinit2.o)
    0x08000184   0x08000184   0x00000002   Code   RO         6130    .ARM.Collect$$libshutdown$$00000000  c_w.l(libshutdown.o)
    0x08000186   0x08000186   0x00000000   Code   RO         6141    .ARM.Collect$$libshutdown$$00000002  c_w.l(libshutdown2.o)
    0x08000186   0x08000186   0x00000000   Code   RO         6143    .ARM.Collect$$libshutdown$$00000004  c_w.l(libshutdown2.o)
    0x08000186   0x08000186   0x00000000   Code   RO         6146    .ARM.Collect$$libshutdown$$00000007  c_w.l(libshutdown2.o)
    0x08000186   0x08000186   0x00000000   Code   RO         6149    .ARM.Collect$$libshutdown$$0000000A  c_w.l(libshutdown2.o)
    0x08000186   0x08000186   0x00000000   Code   RO         6151    .ARM.Collect$$libshutdown$$0000000C  c_w.l(libshutdown2.o)
    0x08000186   0x08000186   0x00000000   Code   RO         6154    .ARM.Collect$$libshutdown$$0000000F  c_w.l(libshutdown2.o)
    0x08000186   0x08000186   0x00000002   Code   RO         6155    .ARM.Collect$$libshutdown$$00000010  c_w.l(libshutdown2.o)
    0x08000188   0x08000188   0x00000000   Code   RO         5882    .ARM.Collect$$rtentry$$00000000  c_w.l(__rtentry.o)
    0x08000188   0x08000188   0x00000000   Code   RO         5949    .ARM.Collect$$rtentry$$00000002  c_w.l(__rtentry2.o)
    0x08000188   0x08000188   0x00000006   Code   RO         5961    .ARM.Collect$$rtentry$$00000004  c_w.l(__rtentry4.o)
    0x0800018e   0x0800018e   0x00000000   Code   RO         5951    .ARM.Collect$$rtentry$$00000009  c_w.l(__rtentry2.o)
    0x0800018e   0x0800018e   0x00000004   Code   RO         5952    .ARM.Collect$$rtentry$$0000000A  c_w.l(__rtentry2.o)
    0x08000192   0x08000192   0x00000000   Code   RO         5954    .ARM.Collect$$rtentry$$0000000C  c_w.l(__rtentry2.o)
    0x08000192   0x08000192   0x00000008   Code   RO         5955    .ARM.Collect$$rtentry$$0000000D  c_w.l(__rtentry2.o)
    0x0800019a   0x0800019a   0x00000002   Code   RO         6087    .ARM.Collect$$rtexit$$00000000  c_w.l(rtexit.o)
    0x0800019c   0x0800019c   0x00000000   Code   RO         6098    .ARM.Collect$$rtexit$$00000002  c_w.l(rtexit2.o)
    0x0800019c   0x0800019c   0x00000004   Code   RO         6099    .ARM.Collect$$rtexit$$00000003  c_w.l(rtexit2.o)
    0x080001a0   0x080001a0   0x00000006   Code   RO         6100    .ARM.Collect$$rtexit$$00000004  c_w.l(rtexit2.o)
    0x080001a6   0x080001a6   0x00000002   PAD
    0x080001a8   0x080001a8   0x00000096   Code   RO         5680    .emb_text           port.o
    0x0800023e   0x0800023e   0x00000002   PAD
    0x08000240   0x08000240   0x00000040   Code   RO         1182    .text               startup_stm32f103xb.o
    0x08000280   0x08000280   0x00000048   Code   RO         5761    .text               c_w.l(llsdiv.o)
    0x080002c8   0x080002c8   0x00000028   Code   RO         5765    .text               c_w.l(noretval__2sprintf.o)
    0x080002f0   0x080002f0   0x00000024   Code   RO         5769    .text               c_w.l(_printf_truncate.o)
    0x08000314   0x08000314   0x00000078   Code   RO         5771    .text               c_w.l(_printf_dec.o)
    0x0800038c   0x0800038c   0x000000b8   Code   RO         5776    .text               c_w.l(__printf_ss.o)
    0x08000444   0x08000444   0x00000058   Code   RO         5796    .text               c_w.l(memcmp.o)
    0x0800049c   0x0800049c   0x0000008a   Code   RO         5798    .text               c_w.l(rt_memcpy_v6.o)
    0x08000526   0x08000526   0x00000064   Code   RO         5800    .text               c_w.l(rt_memcpy_w.o)
    0x0800058a   0x0800058a   0x00000010   Code   RO         5804    .text               c_w.l(aeabi_memset.o)
    0x0800059a   0x0800059a   0x0000004e   Code   RO         5806    .text               c_w.l(rt_memclr_w.o)
    0x080005e8   0x080005e8   0x00000006   Code   RO         5808    .text               c_w.l(heapauxi.o)
    0x080005ee   0x080005ee   0x000000ee   Code   RO         5883    .text               c_w.l(lludivv7m.o)
    0x080006dc   0x080006dc   0x00000016   Code   RO         5885    .text               c_w.l(_rserrno.o)
    0x080006f2   0x080006f2   0x000000b2   Code   RO         5887    .text               c_w.l(_printf_intcommon.o)
    0x080007a4   0x080007a4   0x0000041e   Code   RO         5889    .text               c_w.l(_printf_fp_dec.o)
    0x08000bc2   0x08000bc2   0x00000002   PAD
    0x08000bc4   0x08000bc4   0x00000030   Code   RO         5891    .text               c_w.l(_printf_char_common.o)
    0x08000bf4   0x08000bf4   0x0000000a   Code   RO         5893    .text               c_w.l(_sputc.o)
    0x08000bfe   0x08000bfe   0x00000044   Code   RO         5896    .text               c_w.l(rt_memclr.o)
    0x08000c42   0x08000c42   0x00000002   PAD
    0x08000c44   0x08000c44   0x00000008   Code   RO         5970    .text               c_w.l(rt_locale_intlibspace.o)
    0x08000c4c   0x08000c4c   0x00000008   Code   RO         5975    .text               c_w.l(rt_errno_addr_intlibspace.o)
    0x08000c54   0x08000c54   0x0000008a   Code   RO         5977    .text               c_w.l(lludiv10.o)
    0x08000cde   0x08000cde   0x00000002   PAD
    0x08000ce0   0x08000ce0   0x00000080   Code   RO         5979    .text               c_w.l(_printf_fp_infnan.o)
    0x08000d60   0x08000d60   0x000000e4   Code   RO         5983    .text               c_w.l(bigflt0.o)
    0x08000e44   0x08000e44   0x00000008   Code   RO         6021    .text               c_w.l(libspace.o)
    0x08000e4c   0x08000e4c   0x0000004a   Code   RO         6024    .text               c_w.l(sys_stackheap_outer.o)
    0x08000e96   0x08000e96   0x00000012   Code   RO         6028    .text               c_w.l(exit.o)
    0x08000ea8   0x08000ea8   0x00000080   Code   RO         6030    .text               c_w.l(strcmpv7m.o)
    0x08000f28   0x08000f28   0x0000000c   Code   RO         6116    .text               c_w.l(sys_exit.o)
    0x08000f34   0x08000f34   0x00000002   Code   RO         6133    .text               c_w.l(use_no_semi.o)
    0x08000f36   0x08000f36   0x00000000   Code   RO         6135    .text               c_w.l(indicate_semi.o)
    0x08000f36   0x08000f36   0x0000003e   Code   RO         5986    CL$$btod_d2e        c_w.l(btod.o)
    0x08000f74   0x08000f74   0x00000046   Code   RO         5988    CL$$btod_d2e_denorm_low  c_w.l(btod.o)
    0x08000fba   0x08000fba   0x00000060   Code   RO         5987    CL$$btod_d2e_norm_op1  c_w.l(btod.o)
    0x0800101a   0x0800101a   0x00000338   Code   RO         5996    CL$$btod_div_common  c_w.l(btod.o)
    0x08001352   0x08001352   0x000000dc   Code   RO         5993    CL$$btod_e2e        c_w.l(btod.o)
    0x0800142e   0x0800142e   0x0000002a   Code   RO         5990    CL$$btod_ediv       c_w.l(btod.o)
    0x08001458   0x08001458   0x0000002a   Code   RO         5989    CL$$btod_emul       c_w.l(btod.o)
    0x08001482   0x08001482   0x00000244   Code   RO         5995    CL$$btod_mult_common  c_w.l(btod.o)
    0x080016c6   0x080016c6   0x00000002   PAD
    0x080016c8   0x080016c8   0x000000b0   Code   RO         1101    i.Bluetooth_task    user_tasks.o
    0x08001778   0x08001778   0x00000002   Code   RO         1494    i.BusFault_Handler  stm32f1xx_it.o
    0x0800177a   0x0800177a   0x00000002   PAD
    0x0800177c   0x0800177c   0x0000000c   Code   RO         1495    i.DMA1_Channel3_IRQHandler  stm32f1xx_it.o
    0x08001788   0x08001788   0x0000002a   Code   RO         2055    i.DMA_SetConfig     stm32f1xx_hal_dma.o
    0x080017b2   0x080017b2   0x00000002   PAD
    0x080017b4   0x080017b4   0x00000060   Code   RO         1152    i.Data_rec          data_analysis.o
    0x08001814   0x08001814   0x00000002   Code   RO         1496    i.DebugMon_Handler  stm32f1xx_it.o
    0x08001816   0x08001816   0x00000004   Code   RO         1189    i.Error_Handler     main.o
    0x0800181a   0x0800181a   0x00000046   Code   RO         2056    i.HAL_DMA_Abort     stm32f1xx_hal_dma.o
    0x08001860   0x08001860   0x00000098   Code   RO         2057    i.HAL_DMA_Abort_IT  stm32f1xx_hal_dma.o
    0x080018f8   0x080018f8   0x00000154   Code   RO         2061    i.HAL_DMA_IRQHandler  stm32f1xx_hal_dma.o
    0x08001a4c   0x08001a4c   0x0000005c   Code   RO         2062    i.HAL_DMA_Init      stm32f1xx_hal_dma.o
    0x08001aa8   0x08001aa8   0x00000070   Code   RO         2066    i.HAL_DMA_Start_IT  stm32f1xx_hal_dma.o
    0x08001b18   0x08001b18   0x00000024   Code   RO         1682    i.HAL_Delay         stm32f1xx_hal.o
    0x08001b3c   0x08001b3c   0x000001e0   Code   RO         1992    i.HAL_GPIO_Init     stm32f1xx_hal_gpio.o
    0x08001d1c   0x08001d1c   0x0000000a   Code   RO         1994    i.HAL_GPIO_ReadPin  stm32f1xx_hal_gpio.o
    0x08001d26   0x08001d26   0x0000000a   Code   RO         1996    i.HAL_GPIO_WritePin  stm32f1xx_hal_gpio.o
    0x08001d30   0x08001d30   0x0000000c   Code   RO         1686    i.HAL_GetTick       stm32f1xx_hal.o
    0x08001d3c   0x08001d3c   0x00000188   Code   RO         2663    i.HAL_I2C_Init      stm32f1xx_hal_i2c.o
    0x08001ec4   0x08001ec4   0x00000130   Code   RO         2684    i.HAL_I2C_Mem_Write  stm32f1xx_hal_i2c.o
    0x08001ff4   0x08001ff4   0x00000070   Code   RO         1339    i.HAL_I2C_MspInit   i2c.o
    0x08002064   0x08002064   0x00000010   Code   RO         1692    i.HAL_IncTick       stm32f1xx_hal.o
    0x08002074   0x08002074   0x00000024   Code   RO         1693    i.HAL_Init          stm32f1xx_hal.o
    0x08002098   0x08002098   0x00000098   Code   RO         1600    i.HAL_InitTick      stm32f1xx_hal_timebase_tim.o
    0x08002130   0x08002130   0x00000048   Code   RO         1576    i.HAL_MspInit       stm32f1xx_hal_msp.o
    0x08002178   0x08002178   0x0000001a   Code   RO         2152    i.HAL_NVIC_EnableIRQ  stm32f1xx_hal_cortex.o
    0x08002192   0x08002192   0x00000002   PAD
    0x08002194   0x08002194   0x00000040   Code   RO         2158    i.HAL_NVIC_SetPriority  stm32f1xx_hal_cortex.o
    0x080021d4   0x080021d4   0x00000024   Code   RO         2159    i.HAL_NVIC_SetPriorityGrouping  stm32f1xx_hal_cortex.o
    0x080021f8   0x080021f8   0x0000012c   Code   RO         1850    i.HAL_RCC_ClockConfig  stm32f1xx_hal_rcc.o
    0x08002324   0x08002324   0x00000040   Code   RO         1854    i.HAL_RCC_GetClockConfig  stm32f1xx_hal_rcc.o
    0x08002364   0x08002364   0x00000020   Code   RO         1857    i.HAL_RCC_GetPCLK1Freq  stm32f1xx_hal_rcc.o
    0x08002384   0x08002384   0x00000020   Code   RO         1858    i.HAL_RCC_GetPCLK2Freq  stm32f1xx_hal_rcc.o
    0x080023a4   0x080023a4   0x0000004c   Code   RO         1859    i.HAL_RCC_GetSysClockFreq  stm32f1xx_hal_rcc.o
    0x080023f0   0x080023f0   0x00000320   Code   RO         1862    i.HAL_RCC_OscConfig  stm32f1xx_hal_rcc.o
    0x08002710   0x08002710   0x00000002   Code   RO         3795    i.HAL_TIMEx_BreakCallback  stm32f1xx_hal_tim_ex.o
    0x08002712   0x08002712   0x00000002   Code   RO         3796    i.HAL_TIMEx_CommutCallback  stm32f1xx_hal_tim_ex.o
    0x08002714   0x08002714   0x00000054   Code   RO         3798    i.HAL_TIMEx_ConfigBreakDeadTime  stm32f1xx_hal_tim_ex.o
    0x08002768   0x08002768   0x00000068   Code   RO         3814    i.HAL_TIMEx_MasterConfigSynchronization  stm32f1xx_hal_tim_ex.o
    0x080027d0   0x080027d0   0x0000005a   Code   RO         3091    i.HAL_TIM_Base_Init  stm32f1xx_hal_tim.o
    0x0800282a   0x0800282a   0x00000002   Code   RO         3093    i.HAL_TIM_Base_MspInit  stm32f1xx_hal_tim.o
    0x0800282c   0x0800282c   0x00000058   Code   RO         3096    i.HAL_TIM_Base_Start_IT  stm32f1xx_hal_tim.o
    0x08002884   0x08002884   0x000000a4   Code   RO         3112    i.HAL_TIM_Encoder_Init  stm32f1xx_hal_tim.o
    0x08002928   0x08002928   0x0000008c   Code   RO         1381    i.HAL_TIM_Encoder_MspInit  tim.o
    0x080029b4   0x080029b4   0x0000008e   Code   RO         3115    i.HAL_TIM_Encoder_Start  stm32f1xx_hal_tim.o
    0x08002a42   0x08002a42   0x00000002   Code   RO         3125    i.HAL_TIM_IC_CaptureCallback  stm32f1xx_hal_tim.o
    0x08002a44   0x08002a44   0x00000130   Code   RO         3139    i.HAL_TIM_IRQHandler  stm32f1xx_hal_tim.o
    0x08002b74   0x08002b74   0x0000004c   Code   RO         1382    i.HAL_TIM_MspPostInit  tim.o
    0x08002bc0   0x08002bc0   0x00000002   Code   RO         3142    i.HAL_TIM_OC_DelayElapsedCallback  stm32f1xx_hal_tim.o
    0x08002bc2   0x08002bc2   0x000000cc   Code   RO         3163    i.HAL_TIM_PWM_ConfigChannel  stm32f1xx_hal_tim.o
    0x08002c8e   0x08002c8e   0x0000005a   Code   RO         3166    i.HAL_TIM_PWM_Init  stm32f1xx_hal_tim.o
    0x08002ce8   0x08002ce8   0x00000028   Code   RO         1384    i.HAL_TIM_PWM_MspInit  tim.o
    0x08002d10   0x08002d10   0x00000002   Code   RO         3169    i.HAL_TIM_PWM_PulseFinishedCallback  stm32f1xx_hal_tim.o
    0x08002d12   0x08002d12   0x00000002   PAD
    0x08002d14   0x08002d14   0x0000009c   Code   RO         3171    i.HAL_TIM_PWM_Start  stm32f1xx_hal_tim.o
    0x08002db0   0x08002db0   0x00000014   Code   RO         1190    i.HAL_TIM_PeriodElapsedCallback  main.o
    0x08002dc4   0x08002dc4   0x00000002   Code   RO         3182    i.HAL_TIM_TriggerCallback  stm32f1xx_hal_tim.o
    0x08002dc6   0x08002dc6   0x00000002   Code   RO         4074    i.HAL_UARTEx_RxEventCallback  stm32f1xx_hal_uart.o
    0x08002dc8   0x08002dc8   0x00000002   Code   RO         4088    i.HAL_UART_ErrorCallback  stm32f1xx_hal_uart.o
    0x08002dca   0x08002dca   0x00000002   PAD
    0x08002dcc   0x08002dcc   0x0000026c   Code   RO         4091    i.HAL_UART_IRQHandler  stm32f1xx_hal_uart.o
    0x08003038   0x08003038   0x00000064   Code   RO         4092    i.HAL_UART_Init     stm32f1xx_hal_uart.o
    0x0800309c   0x0800309c   0x000000b0   Code   RO         1453    i.HAL_UART_MspInit  usart.o
    0x0800314c   0x0800314c   0x0000001c   Code   RO         4096    i.HAL_UART_Receive_DMA  stm32f1xx_hal_uart.o
    0x08003168   0x08003168   0x00000030   Code   RO         1497    i.HAL_UART_RxCpltCallback  stm32f1xx_it.o
    0x08003198   0x08003198   0x00000002   Code   RO         4099    i.HAL_UART_RxHalfCpltCallback  stm32f1xx_hal_uart.o
    0x0800319a   0x0800319a   0x00000002   Code   RO         4103    i.HAL_UART_TxCpltCallback  stm32f1xx_hal_uart.o
    0x0800319c   0x0800319c   0x00000002   Code   RO         1498    i.HardFault_Handler  stm32f1xx_it.o
    0x0800319e   0x0800319e   0x0000002e   Code   RO         2706    i.I2C_IsAcknowledgeFailed  stm32f1xx_hal_i2c.o
    0x080031cc   0x080031cc   0x000000a8   Code   RO         2717    i.I2C_RequestMemoryWrite  stm32f1xx_hal_i2c.o
    0x08003274   0x08003274   0x00000056   Code   RO         2721    i.I2C_WaitOnBTFFlagUntilTimeout  stm32f1xx_hal_i2c.o
    0x080032ca   0x080032ca   0x00000002   PAD
    0x080032cc   0x080032cc   0x00000090   Code   RO         2722    i.I2C_WaitOnFlagUntilTimeout  stm32f1xx_hal_i2c.o
    0x0800335c   0x0800335c   0x000000bc   Code   RO         2723    i.I2C_WaitOnMasterAddressFlagUntilTimeout  stm32f1xx_hal_i2c.o
    0x08003418   0x08003418   0x00000056   Code   RO         2725    i.I2C_WaitOnTXEFlagUntilTimeout  stm32f1xx_hal_i2c.o
    0x0800346e   0x0800346e   0x00000002   PAD
    0x08003470   0x08003470   0x00000040   Code   RO            4    i.IIC_Ack           iic.o
    0x080034b0   0x080034b0   0x0000000c   Code   RO            6    i.IIC_Delay         iic.o
    0x080034bc   0x080034bc   0x0000003c   Code   RO            7    i.IIC_GPIO_Init     iic.o
    0x080034f8   0x080034f8   0x00000038   Code   RO            8    i.IIC_NAck          iic.o
    0x08003530   0x08003530   0x00000058   Code   RO            9    i.IIC_Read_Byte     iic.o
    0x08003588   0x08003588   0x0000005c   Code   RO           10    i.IIC_Send_Byte     iic.o
    0x080035e4   0x080035e4   0x00000040   Code   RO           11    i.IIC_Start         iic.o
    0x08003624   0x08003624   0x00000030   Code   RO           12    i.IIC_Stop          iic.o
    0x08003654   0x08003654   0x00000048   Code   RO           13    i.IIC_Wait_Ack      iic.o
    0x0800369c   0x0800369c   0x00000032   Code   RO          896    i.MPU_Get_Gyroscope  mpu6050.o
    0x080036ce   0x080036ce   0x00000002   PAD
    0x080036d0   0x080036d0   0x0000006c   Code   RO          900    i.MPU_Read_Len      mpu6050.o
    0x0800373c   0x0800373c   0x00000052   Code   RO          906    i.MPU_Write_Len     mpu6050.o
    0x0800378e   0x0800378e   0x00000002   PAD
    0x08003790   0x08003790   0x0000002c   Code   RO         1314    i.MX_DMA_Init       dma.o
    0x080037bc   0x080037bc   0x00000068   Code   RO         1264    i.MX_FREERTOS_Init  freertos.o
    0x08003824   0x08003824   0x000000cc   Code   RO         1240    i.MX_GPIO_Init      gpio.o
    0x080038f0   0x080038f0   0x00000040   Code   RO         1340    i.MX_I2C1_Init      i2c.o
    0x08003930   0x08003930   0x000000b0   Code   RO         1385    i.MX_TIM1_Init      tim.o
    0x080039e0   0x080039e0   0x0000006c   Code   RO         1386    i.MX_TIM2_Init      tim.o
    0x08003a4c   0x08003a4c   0x0000006c   Code   RO         1387    i.MX_TIM4_Init      tim.o
    0x08003ab8   0x08003ab8   0x00000038   Code   RO         1454    i.MX_USART3_UART_Init  usart.o
    0x08003af0   0x08003af0   0x00000002   Code   RO         1499    i.MemManage_Handler  stm32f1xx_it.o
    0x08003af2   0x08003af2   0x00000002   Code   RO         1500    i.NMI_Handler       stm32f1xx_it.o
    0x08003af4   0x08003af4   0x00000034   Code   RO          984    i.OLED_Clear        oled.o
    0x08003b28   0x08003b28   0x00000010   Code   RO          987    i.OLED_Init         oled.o
    0x08003b38   0x08003b38   0x00000022   Code   RO          989    i.OLED_Set_Pos      oled.o
    0x08003b5a   0x08003b5a   0x00000002   PAD
    0x08003b5c   0x08003b5c   0x00000088   Code   RO          991    i.OLED_ShowChar     oled.o
    0x08003be4   0x08003be4   0x00000036   Code   RO          993    i.OLED_ShowString   oled.o
    0x08003c1a   0x08003c1a   0x00000002   PAD
    0x08003c1c   0x08003c1c   0x00000024   Code   RO          994    i.OLED_WR_CMD       oled.o
    0x08003c40   0x08003c40   0x00000024   Code   RO          995    i.OLED_WR_DATA      oled.o
    0x08003c64   0x08003c64   0x00000006   Code   RO          726    i.PID_Init          motor_control.o
    0x08003c6a   0x08003c6a   0x00000008   Code   RO         1265    i.StartDefaultTask  freertos.o
    0x08003c72   0x08003c72   0x00000002   PAD
    0x08003c74   0x08003c74   0x0000002c   Code   RO         5681    i.SysTick_Handler   port.o
    0x08003ca0   0x08003ca0   0x0000005e   Code   RO         1191    i.SystemClock_Config  main.o
    0x08003cfe   0x08003cfe   0x00000002   Code   RO         4426    i.SystemInit        system_stm32f1xx.o
    0x08003d00   0x08003d00   0x0000000c   Code   RO         1501    i.TIM3_IRQHandler   stm32f1xx_it.o
    0x08003d0c   0x08003d0c   0x00000078   Code   RO         3184    i.TIM_Base_SetConfig  stm32f1xx_hal_tim.o
    0x08003d84   0x08003d84   0x0000001a   Code   RO         3185    i.TIM_CCxChannelCmd  stm32f1xx_hal_tim.o
    0x08003d9e   0x08003d9e   0x00000002   PAD
    0x08003da0   0x08003da0   0x00000050   Code   RO         3197    i.TIM_OC1_SetConfig  stm32f1xx_hal_tim.o
    0x08003df0   0x08003df0   0x00000058   Code   RO         3198    i.TIM_OC2_SetConfig  stm32f1xx_hal_tim.o
    0x08003e48   0x08003e48   0x00000058   Code   RO         3199    i.TIM_OC3_SetConfig  stm32f1xx_hal_tim.o
    0x08003ea0   0x08003ea0   0x00000044   Code   RO         3200    i.TIM_OC4_SetConfig  stm32f1xx_hal_tim.o
    0x08003ee4   0x08003ee4   0x00000010   Code   RO         4105    i.UART_DMAAbortOnError  stm32f1xx_hal_uart.o
    0x08003ef4   0x08003ef4   0x0000004a   Code   RO         4106    i.UART_DMAError     stm32f1xx_hal_uart.o
    0x08003f3e   0x08003f3e   0x00000086   Code   RO         4107    i.UART_DMAReceiveCplt  stm32f1xx_hal_uart.o
    0x08003fc4   0x08003fc4   0x0000001e   Code   RO         4109    i.UART_DMARxHalfCplt  stm32f1xx_hal_uart.o
    0x08003fe2   0x08003fe2   0x0000004e   Code   RO         4115    i.UART_EndRxTransfer  stm32f1xx_hal_uart.o
    0x08004030   0x08004030   0x0000001c   Code   RO         4116    i.UART_EndTxTransfer  stm32f1xx_hal_uart.o
    0x0800404c   0x0800404c   0x000000c2   Code   RO         4117    i.UART_Receive_IT   stm32f1xx_hal_uart.o
    0x0800410e   0x0800410e   0x00000002   PAD
    0x08004110   0x08004110   0x000000b8   Code   RO         4118    i.UART_SetConfig    stm32f1xx_hal_uart.o
    0x080041c8   0x080041c8   0x00000090   Code   RO         4119    i.UART_Start_Receive_DMA  stm32f1xx_hal_uart.o
    0x08004258   0x08004258   0x0000000c   Code   RO         1502    i.USART3_IRQHandler  stm32f1xx_it.o
    0x08004264   0x08004264   0x00000002   Code   RO         1503    i.UsageFault_Handler  stm32f1xx_it.o
    0x08004266   0x08004266   0x00000002   PAD
    0x08004268   0x08004268   0x00000034   Code   RO          996    i.WriteCmd          oled.o
    0x0800429c   0x0800429c   0x00000028   Code   RO         5935    i.__ARM_fpclassify  m_ws.l(fpclassify.o)
    0x080042c4   0x080042c4   0x00000020   Code   RO         2165    i.__NVIC_SetPriority  stm32f1xx_hal_cortex.o
    0x080042e4   0x080042e4   0x000000aa   Code   RO         5937    i.__kernel_poly     m_ws.l(poly.o)
    0x0800438e   0x0800438e   0x00000006   Code   RO         5922    i.__mathlib_dbl_infnan  m_ws.l(dunder.o)
    0x08004394   0x08004394   0x00000004   Code   RO         5923    i.__mathlib_dbl_infnan2  m_ws.l(dunder.o)
    0x08004398   0x08004398   0x0000000c   Code   RO         5924    i.__mathlib_dbl_invalid  m_ws.l(dunder.o)
    0x080043a4   0x080043a4   0x00000010   Code   RO         5927    i.__mathlib_dbl_underflow  m_ws.l(dunder.o)
    0x080043b4   0x080043b4   0x00000080   Code   RO          177    i.accel_self_test   inv_mpu.o
    0x08004434   0x08004434   0x00000270   Code   RO         5865    i.asin              m_ws.l(asin.o)
    0x080046a4   0x080046a4   0x00000220   Code   RO         5912    i.atan              m_ws.l(atan.o)
    0x080048c4   0x080048c4   0x00000180   Code   RO         5875    i.atan2             m_ws.l(atan2.o)
    0x08004a44   0x08004a44   0x0000003a   Code   RO          537    i.dmp_enable_6x_lp_quat  inv_mpu_dmp_motion_driver.o
    0x08004a7e   0x08004a7e   0x00000002   PAD
    0x08004a80   0x08004a80   0x000001d8   Code   RO          538    i.dmp_enable_feature  inv_mpu_dmp_motion_driver.o
    0x08004c58   0x08004c58   0x0000003c   Code   RO          539    i.dmp_enable_gyro_cal  inv_mpu_dmp_motion_driver.o
    0x08004c94   0x08004c94   0x0000003a   Code   RO          540    i.dmp_enable_lp_quat  inv_mpu_dmp_motion_driver.o
    0x08004cce   0x08004cce   0x00000002   PAD
    0x08004cd0   0x08004cd0   0x00000014   Code   RO          545    i.dmp_load_motion_driver_firmware  inv_mpu_dmp_motion_driver.o
    0x08004ce4   0x08004ce4   0x00000144   Code   RO          546    i.dmp_read_fifo     inv_mpu_dmp_motion_driver.o
    0x08004e28   0x08004e28   0x000000d8   Code   RO          549    i.dmp_set_accel_bias  inv_mpu_dmp_motion_driver.o
    0x08004f00   0x08004f00   0x00000064   Code   RO          550    i.dmp_set_fifo_rate  inv_mpu_dmp_motion_driver.o
    0x08004f64   0x08004f64   0x000000cc   Code   RO          551    i.dmp_set_gyro_bias  inv_mpu_dmp_motion_driver.o
    0x08005030   0x08005030   0x0000010c   Code   RO          553    i.dmp_set_orientation  inv_mpu_dmp_motion_driver.o
    0x0800513c   0x0800513c   0x00000030   Code   RO          556    i.dmp_set_shake_reject_thresh  inv_mpu_dmp_motion_driver.o
    0x0800516c   0x0800516c   0x00000020   Code   RO          557    i.dmp_set_shake_reject_time  inv_mpu_dmp_motion_driver.o
    0x0800518c   0x0800518c   0x00000020   Code   RO          558    i.dmp_set_shake_reject_timeout  inv_mpu_dmp_motion_driver.o
    0x080051ac   0x080051ac   0x00000040   Code   RO          559    i.dmp_set_tap_axes  inv_mpu_dmp_motion_driver.o
    0x080051ec   0x080051ec   0x00000022   Code   RO          560    i.dmp_set_tap_count  inv_mpu_dmp_motion_driver.o
    0x0800520e   0x0800520e   0x00000002   PAD
    0x08005210   0x08005210   0x00000128   Code   RO          561    i.dmp_set_tap_thresh  inv_mpu_dmp_motion_driver.o
    0x08005338   0x08005338   0x00000020   Code   RO          562    i.dmp_set_tap_time  inv_mpu_dmp_motion_driver.o
    0x08005358   0x08005358   0x00000020   Code   RO          563    i.dmp_set_tap_time_multi  inv_mpu_dmp_motion_driver.o
    0x08005378   0x08005378   0x00000014   Code   RO          727    i.encoder_left_velocity  motor_control.o
    0x0800538c   0x0800538c   0x00000014   Code   RO          728    i.encoder_right_velocity  motor_control.o
    0x080053a0   0x080053a0   0x000000ac   Code   RO          178    i.get_accel_prod_shift  inv_mpu.o
    0x0800544c   0x0800544c   0x00000314   Code   RO          179    i.get_st_biases     inv_mpu.o
    0x08005760   0x08005760   0x000000d4   Code   RO          180    i.gyro_self_test    inv_mpu.o
    0x08005834   0x08005834   0x00000022   Code   RO          181    i.inv_orientation_matrix_to_scalar  inv_mpu.o
    0x08005856   0x08005856   0x00000048   Code   RO          182    i.inv_row_2_scale   inv_mpu.o
    0x0800589e   0x0800589e   0x00000030   Code   RO          729    i.lowpass           motor_control.o
    0x080058ce   0x080058ce   0x00000002   PAD
    0x080058d0   0x080058d0   0x00000074   Code   RO         1192    i.main              main.o
    0x08005944   0x08005944   0x0000000c   Code   RO         5246    i.makeFreeRtosPriority  cmsis_os.o
    0x08005950   0x08005950   0x00000002   Code   RO          183    i.mget_ms           inv_mpu.o
    0x08005952   0x08005952   0x00000002   PAD
    0x08005954   0x08005954   0x00000058   Code   RO          730    i.motor1_control    motor_control.o
    0x080059ac   0x080059ac   0x00000058   Code   RO          731    i.motor2_control    motor_control.o
    0x08005a04   0x08005a04   0x00000080   Code   RO          732    i.motor_control     motor_control.o
    0x08005a84   0x08005a84   0x00000080   Code   RO         1102    i.motor_task        user_tasks.o
    0x08005b04   0x08005b04   0x00000054   Code   RO          184    i.mpu_configure_fifo  inv_mpu.o
    0x08005b58   0x08005b58   0x0000019c   Code   RO          185    i.mpu_dmp_get_data  inv_mpu.o
    0x08005cf4   0x08005cf4   0x000000a4   Code   RO          186    i.mpu_dmp_init      inv_mpu.o
    0x08005d98   0x08005d98   0x0000003c   Code   RO          187    i.mpu_get_accel_fsr  inv_mpu.o
    0x08005dd4   0x08005dd4   0x00000044   Code   RO          189    i.mpu_get_accel_sens  inv_mpu.o
    0x08005e18   0x08005e18   0x00000034   Code   RO          195    i.mpu_get_gyro_fsr  inv_mpu.o
    0x08005e4c   0x08005e4c   0x00000040   Code   RO          197    i.mpu_get_gyro_sens  inv_mpu.o
    0x08005e8c   0x08005e8c   0x00000038   Code   RO          199    i.mpu_get_lpf       inv_mpu.o
    0x08005ec4   0x08005ec4   0x0000001c   Code   RO          201    i.mpu_get_sample_rate  inv_mpu.o
    0x08005ee0   0x08005ee0   0x00000124   Code   RO          203    i.mpu_init          inv_mpu.o
    0x08006004   0x08006004   0x000000a0   Code   RO          204    i.mpu_load_firmware  inv_mpu.o
    0x080060a4   0x080060a4   0x000000b8   Code   RO          205    i.mpu_lp_accel_mode  inv_mpu.o
    0x0800615c   0x0800615c   0x00000090   Code   RO          208    i.mpu_read_fifo_stream  inv_mpu.o
    0x080061ec   0x080061ec   0x00000054   Code   RO          209    i.mpu_read_mem      inv_mpu.o
    0x08006240   0x08006240   0x00000160   Code   RO          212    i.mpu_reset_fifo    inv_mpu.o
    0x080063a0   0x080063a0   0x000000f0   Code   RO          213    i.mpu_run_self_test  inv_mpu.o
    0x08006490   0x08006490   0x00000068   Code   RO          215    i.mpu_set_accel_fsr  inv_mpu.o
    0x080064f8   0x080064f8   0x000000dc   Code   RO          216    i.mpu_set_bypass    inv_mpu.o
    0x080065d4   0x080065d4   0x00000078   Code   RO          218    i.mpu_set_dmp_state  inv_mpu.o
    0x0800664c   0x0800664c   0x0000006c   Code   RO          219    i.mpu_set_gyro_fsr  inv_mpu.o
    0x080066b8   0x080066b8   0x00000064   Code   RO          220    i.mpu_set_int_latched  inv_mpu.o
    0x0800671c   0x0800671c   0x0000006c   Code   RO          222    i.mpu_set_lpf       inv_mpu.o
    0x08006788   0x08006788   0x00000080   Code   RO          223    i.mpu_set_sample_rate  inv_mpu.o
    0x08006808   0x08006808   0x000000b8   Code   RO          224    i.mpu_set_sensors   inv_mpu.o
    0x080068c0   0x080068c0   0x00000054   Code   RO          225    i.mpu_write_mem     inv_mpu.o
    0x08006914   0x08006914   0x0000000e   Code   RO         5248    i.osDelay           cmsis_os.o
    0x08006922   0x08006922   0x0000000a   Code   RO         5251    i.osKernelStart     cmsis_os.o
    0x0800692c   0x0800692c   0x00000054   Code   RO         5285    i.osThreadCreate    cmsis_os.o
    0x08006980   0x08006980   0x00000070   Code   RO         4928    i.prvAddCurrentTaskToDelayedList  tasks.o
    0x080069f0   0x080069f0   0x000000d0   Code   RO         4929    i.prvAddNewTaskToReadyList  tasks.o
    0x08006ac0   0x08006ac0   0x00000026   Code   RO         4604    i.prvCopyDataFromQueue  queue.o
    0x08006ae6   0x08006ae6   0x0000006c   Code   RO         4605    i.prvCopyDataToQueue  queue.o
    0x08006b52   0x08006b52   0x00000034   Code   RO         4930    i.prvDeleteTCB      tasks.o
    0x08006b86   0x08006b86   0x00000002   PAD
    0x08006b88   0x08006b88   0x0000004c   Code   RO         5613    i.prvHeapInit       heap_4.o
    0x08006bd4   0x08006bd4   0x00000060   Code   RO         4931    i.prvIdleTask       tasks.o
    0x08006c34   0x08006c34   0x00000016   Code   RO         4607    i.prvInitialiseNewQueue  queue.o
    0x08006c4a   0x08006c4a   0x00000098   Code   RO         4932    i.prvInitialiseNewTask  tasks.o
    0x08006ce2   0x08006ce2   0x00000002   PAD
    0x08006ce4   0x08006ce4   0x0000004c   Code   RO         5614    i.prvInsertBlockIntoFreeList  heap_4.o
    0x08006d30   0x08006d30   0x0000001c   Code   RO         4608    i.prvIsQueueEmpty   queue.o
    0x08006d4c   0x08006d4c   0x00000020   Code   RO         4933    i.prvResetNextTaskUnblockTime  tasks.o
    0x08006d6c   0x08006d6c   0x00000028   Code   RO         5682    i.prvTaskExitError  port.o
    0x08006d94   0x08006d94   0x0000006a   Code   RO         4609    i.prvUnlockQueue    queue.o
    0x08006dfe   0x08006dfe   0x00000002   PAD
    0x08006e00   0x08006e00   0x000000dc   Code   RO         5615    i.pvPortMalloc      heap_4.o
    0x08006edc   0x08006edc   0x00000012   Code   RO          733    i.pwm_limit         motor_control.o
    0x08006eee   0x08006eee   0x00000002   PAD
    0x08006ef0   0x08006ef0   0x00000024   Code   RO         5683    i.pxPortInitialiseStack  port.o
    0x08006f14   0x08006f14   0x00000076   Code   RO          226    i.run_self_test     inv_mpu.o
    0x08006f8a   0x08006f8a   0x00000002   PAD
    0x08006f8c   0x08006f8c   0x00000034   Code   RO         1103    i.sensor_task       user_tasks.o
    0x08006fc0   0x08006fc0   0x00000058   Code   RO          227    i.set_int_enable    inv_mpu.o
    0x08007018   0x08007018   0x0000004c   Code   RO         5941    i.sqrt              m_ws.l(sqrt.o)
    0x08007064   0x08007064   0x00000038   Code   RO          734    i.turn_pid          motor_control.o
    0x0800709c   0x0800709c   0x00000026   Code   RO         4564    i.uxListRemove      list.o
    0x080070c2   0x080070c2   0x00000002   PAD
    0x080070c4   0x080070c4   0x00000014   Code   RO         1266    i.vApplicationGetIdleTaskMemory  freertos.o
    0x080070d8   0x080070d8   0x00000016   Code   RO         4565    i.vListInitialise   list.o
    0x080070ee   0x080070ee   0x00000006   Code   RO         4566    i.vListInitialiseItem  list.o
    0x080070f4   0x080070f4   0x00000030   Code   RO         4567    i.vListInsert       list.o
    0x08007124   0x08007124   0x00000018   Code   RO         4568    i.vListInsertEnd    list.o
    0x0800713c   0x0800713c   0x00000040   Code   RO         5685    i.vPortEnterCritical  port.o
    0x0800717c   0x0800717c   0x00000028   Code   RO         5686    i.vPortExitCritical  port.o
    0x080071a4   0x080071a4   0x00000064   Code   RO         5616    i.vPortFree         heap_4.o
    0x08007208   0x08007208   0x00000024   Code   RO         5687    i.vPortSetupTimerInterrupt  port.o
    0x0800722c   0x0800722c   0x00000054   Code   RO         5688    i.vPortValidateInterruptPriority  port.o
    0x08007280   0x08007280   0x0000004c   Code   RO         4942    i.vTaskDelay        tasks.o
    0x080072cc   0x080072cc   0x00000010   Code   RO         4945    i.vTaskInternalSetTimeOutState  tasks.o
    0x080072dc   0x080072dc   0x0000000c   Code   RO         4946    i.vTaskMissedYield  tasks.o
    0x080072e8   0x080072e8   0x00000030   Code   RO         4948    i.vTaskPlaceOnEventList  tasks.o
    0x08007318   0x08007318   0x0000006c   Code   RO         4955    i.vTaskStartScheduler  tasks.o
    0x08007384   0x08007384   0x00000010   Code   RO         4957    i.vTaskSuspendAll   tasks.o
    0x08007394   0x08007394   0x0000005c   Code   RO         4958    i.vTaskSwitchContext  tasks.o
    0x080073f0   0x080073f0   0x00000084   Code   RO          735    i.velocity_pid      motor_control.o
    0x08007474   0x08007474   0x00000038   Code   RO          736    i.vertical_pid      motor_control.o
    0x080074ac   0x080074ac   0x000000a8   Code   RO         5689    i.xPortStartScheduler  port.o
    0x08007554   0x08007554   0x00000042   Code   RO         4618    i.xQueueGenericCreate  queue.o
    0x08007596   0x08007596   0x00000002   PAD
    0x08007598   0x08007598   0x00000088   Code   RO         4620    i.xQueueGenericReset  queue.o
    0x08007620   0x08007620   0x000000be   Code   RO         4622    i.xQueueGenericSendFromISR  queue.o
    0x080076de   0x080076de   0x00000002   PAD
    0x080076e0   0x080076e0   0x00000138   Code   RO         4628    i.xQueueReceive     queue.o
    0x08007818   0x08007818   0x00000074   Code   RO         4960    i.xTaskCheckForTimeOut  tasks.o
    0x0800788c   0x0800788c   0x0000005a   Code   RO         4961    i.xTaskCreate       tasks.o
    0x080078e6   0x080078e6   0x00000056   Code   RO         4962    i.xTaskCreateStatic  tasks.o
    0x0800793c   0x0800793c   0x0000001c   Code   RO         4966    i.xTaskGetSchedulerState  tasks.o
    0x08007958   0x08007958   0x000000cc   Code   RO         4969    i.xTaskIncrementTick  tasks.o
    0x08007a24   0x08007a24   0x00000098   Code   RO         4972    i.xTaskPriorityDisinherit  tasks.o
    0x08007abc   0x08007abc   0x00000074   Code   RO         4974    i.xTaskRemoveFromEventList  tasks.o
    0x08007b30   0x08007b30   0x000000c4   Code   RO         4975    i.xTaskResumeAll    tasks.o
    0x08007bf4   0x08007bf4   0x0000002c   Code   RO         6009    locale$$code        c_w.l(lc_numeric_c.o)
    0x08007c20   0x08007c20   0x00000062   Code   RO         5812    x$fpl$d2f           fz_ws.l(d2f.o)
    0x08007c82   0x08007c82   0x00000002   PAD
    0x08007c84   0x08007c84   0x00000150   Code   RO         5814    x$fpl$dadd          fz_ws.l(daddsub_clz.o)
    0x08007dd4   0x08007dd4   0x00000010   Code   RO         6011    x$fpl$dcheck1       fz_ws.l(dcheck1.o)
    0x08007de4   0x08007de4   0x000002b0   Code   RO         5821    x$fpl$ddiv          fz_ws.l(ddiv.o)
    0x08008094   0x08008094   0x00000154   Code   RO         5830    x$fpl$dmul          fz_ws.l(dmul.o)
    0x080081e8   0x080081e8   0x0000009c   Code   RO         5898    x$fpl$dnaninf       fz_ws.l(dnaninf.o)
    0x08008284   0x08008284   0x0000000c   Code   RO         5900    x$fpl$dretinf       fz_ws.l(dretinf.o)
    0x08008290   0x08008290   0x00000016   Code   RO         5815    x$fpl$drsb          fz_ws.l(daddsub_clz.o)
    0x080082a6   0x080082a6   0x00000002   PAD
    0x080082a8   0x080082a8   0x000001cc   Code   RO         6015    x$fpl$dsqrt         fz_ws.l(dsqrt_noumaal.o)
    0x08008474   0x08008474   0x000001d4   Code   RO         5816    x$fpl$dsub          fz_ws.l(daddsub_clz.o)
    0x08008648   0x08008648   0x00000056   Code   RO         5832    x$fpl$f2d           fz_ws.l(f2d.o)
    0x0800869e   0x0800869e   0x00000002   PAD
    0x080086a0   0x080086a0   0x000000c4   Code   RO         5834    x$fpl$fadd          fz_ws.l(faddsub_clz.o)
    0x08008764   0x08008764   0x0000000c   Code   RO         5902    x$fpl$fcheck1       fz_ws.l(fcheck1.o)
    0x08008770   0x08008770   0x00000184   Code   RO         5841    x$fpl$fdiv          fz_ws.l(fdiv.o)
    0x080088f4   0x080088f4   0x00000036   Code   RO         5844    x$fpl$ffix          fz_ws.l(ffix.o)
    0x0800892a   0x0800892a   0x00000002   PAD
    0x0800892c   0x0800892c   0x0000003e   Code   RO         5848    x$fpl$ffixu         fz_ws.l(ffixu.o)
    0x0800896a   0x0800896a   0x00000002   PAD
    0x0800896c   0x0800896c   0x00000030   Code   RO         5853    x$fpl$fflt          fz_ws.l(fflt_clz.o)
    0x0800899c   0x0800899c   0x00000026   Code   RO         5852    x$fpl$ffltu         fz_ws.l(fflt_clz.o)
    0x080089c2   0x080089c2   0x00000002   PAD
    0x080089c4   0x080089c4   0x00000102   Code   RO         5858    x$fpl$fmul          fz_ws.l(fmul.o)
    0x08008ac6   0x08008ac6   0x0000008c   Code   RO         5904    x$fpl$fnaninf       fz_ws.l(fnaninf.o)
    0x08008b52   0x08008b52   0x0000000a   Code   RO         5906    x$fpl$fretinf       fz_ws.l(fretinf.o)
    0x08008b5c   0x08008b5c   0x00000014   Code   RO         5835    x$fpl$frsb          fz_ws.l(faddsub_clz.o)
    0x08008b70   0x08008b70   0x000000ea   Code   RO         5836    x$fpl$fsub          fz_ws.l(faddsub_clz.o)
    0x08008c5a   0x08008c5a   0x00000004   Code   RO         5860    x$fpl$printf1       fz_ws.l(printf1.o)
    0x08008c5e   0x08008c5e   0x00000064   Code   RO         6019    x$fpl$retnan        fz_ws.l(retnan.o)
    0x08008cc2   0x08008cc2   0x0000005c   Code   RO         5908    x$fpl$scalbn        fz_ws.l(scalbn.o)
    0x08008d1e   0x08008d1e   0x0000004c   Code   RO         5862    x$fpl$scalbnf       fz_ws.l(scalbnf.o)
    0x08008d6a   0x08008d6a   0x00000030   Code   RO         6085    x$fpl$trapveneer    fz_ws.l(trapv.o)
    0x08008d9a   0x08008d9a   0x00000000   Code   RO         5910    x$fpl$usenofp       fz_ws.l(usenofp.o)
    0x08008d9a   0x08008d9a   0x0000001b   Data   RO          229    .constdata          inv_mpu.o
    0x08008db5   0x08008db5   0x00000001   PAD
    0x08008db6   0x08008db6   0x0000000c   Data   RO          230    .constdata          inv_mpu.o
    0x08008dc2   0x08008dc2   0x00000002   PAD
    0x08008dc4   0x08008dc4   0x00000028   Data   RO          231    .constdata          inv_mpu.o
    0x08008dec   0x08008dec   0x00000bf6   Data   RO          565    .constdata          inv_mpu_dmp_motion_driver.o
    0x080099e2   0x080099e2   0x000009c8   Data   RO          998    .constdata          oled.o
    0x0800a3aa   0x0800a3aa   0x00000002   PAD
    0x0800a3ac   0x0800a3ac   0x00000070   Data   RO         1268    .constdata          freertos.o
    0x0800a41c   0x0800a41c   0x00000012   Data   RO         1863    .constdata          stm32f1xx_hal_rcc.o
    0x0800a42e   0x0800a42e   0x00000010   Data   RO         4427    .constdata          system_stm32f1xx.o
    0x0800a43e   0x0800a43e   0x00000008   Data   RO         4428    .constdata          system_stm32f1xx.o
    0x0800a446   0x0800a446   0x00000002   PAD
    0x0800a448   0x0800a448   0x00000050   Data   RO         5866    .constdata          m_ws.l(asin.o)
    0x0800a498   0x0800a498   0x00000098   Data   RO         5913    .constdata          m_ws.l(atan.o)
    0x0800a530   0x0800a530   0x00000008   Data   RO         5939    .constdata          m_ws.l(qnan.o)
    0x0800a538   0x0800a538   0x00000094   Data   RO         5984    .constdata          c_w.l(bigflt0.o)
    0x0800a5cc   0x0800a5cc   0x00000026   Data   RO         1269    .conststring        freertos.o
    0x0800a5f2   0x0800a5f2   0x00000002   PAD
    0x0800a5f4   0x0800a5f4   0x00000020   Data   RO         6170    Region$$Table       anon$$obj.o
    0x0800a614   0x0800a614   0x0000001c   Data   RO         6008    locale$$data        c_w.l(lc_numeric_c.o)


    Execution Region RW_IRAM1 (Exec base: 0x20000000, Load base: 0x0800a630, Size: 0x00001948, Max: 0x00005000, ABSOLUTE)

    Exec Addr    Load Addr    Size         Type   Attr      Idx    E Section Name        Object

    0x20000000   0x0800a630   0x00000035   Data   RW          232    .data               inv_mpu.o
    0x20000035   0x0800a665   0x00000003   PAD
    0x20000038   0x0800a668   0x0000001c   Data   RW          738    .data               motor_control.o
    0x20000054   0x0800a684   0x0000001b   Data   RW          999    .data               oled.o
    0x2000006f   0x0800a69f   0x00000001   PAD
    0x20000070   0x0800a6a0   0x00000008   Data   RW         1105    .data               user_tasks.o
    0x20000078   0x0800a6a8   0x00000003   Data   RW         1153    .data               data_analysis.o
    0x2000007b   0x0800a6ab   0x00000001   PAD
    0x2000007c   0x0800a6ac   0x00000010   Data   RW         1270    .data               freertos.o
    0x2000008c   0x0800a6bc   0x0000000c   Data   RW         1700    .data               stm32f1xx_hal.o
    0x20000098   0x0800a6c8   0x00000004   Data   RW         4429    .data               system_stm32f1xx.o
    0x2000009c   0x0800a6cc   0x0000003c   Data   RW         4978    .data               tasks.o
    0x200000d8   0x0800a708   0x00000020   Data   RW         5622    .data               heap_4.o
    0x200000f8   0x0800a728   0x0000000c   Data   RW         5690    .data               port.o
    0x20000104        -       0x00000010   Zero   RW          564    .bss                inv_mpu_dmp_motion_driver.o
    0x20000114        -       0x00000078   Zero   RW          737    .bss                motor_control.o
    0x2000018c        -       0x00000014   Zero   RW         1104    .bss                user_tasks.o
    0x200001a0        -       0x00000254   Zero   RW         1267    .bss                freertos.o
    0x200003f4        -       0x00000054   Zero   RW         1341    .bss                i2c.o
    0x20000448        -       0x000000d8   Zero   RW         1388    .bss                tim.o
    0x20000520        -       0x0000008c   Zero   RW         1455    .bss                usart.o
    0x200005ac        -       0x00000048   Zero   RW         1603    .bss                stm32f1xx_hal_timebase_tim.o
    0x200005f4        -       0x000000f0   Zero   RW         4977    .bss                tasks.o
    0x200006e4        -       0x00000c00   Zero   RW         5621    .bss                heap_4.o
    0x200012e4        -       0x00000060   Zero   RW         6022    .bss                c_w.l(libspace.o)
    0x20001344   0x0800a734   0x00000004   PAD
    0x20001348        -       0x00000200   Zero   RW         1180    HEAP                startup_stm32f103xb.o
    0x20001548        -       0x00000400   Zero   RW         1179    STACK               startup_stm32f103xb.o


==============================================================================

Image component sizes


      Code (inc. data)   RO Data    RW Data    ZI Data      Debug   Object Name

       120          0          0          0          0      23265   cmsis_os.o
        96         22          0          3          0       1054   data_analysis.o
        44          4          0          0          0        746   dma.o
         0          0          0          0          0      20104   event_groups.o
       132         12        150         16        596       2619   freertos.o
       204         14          0          0          0        963   gpio.o
       472         24          0         32       3072       7279   heap_4.o
       176         30          0          0         84       1637   i2c.o
       556         46          0          0          0     439359   iic.o
      5214        212         79         53          0      29558   inv_mpu.o
      2350        118       3062          0         16      19270   inv_mpu_dmp_motion_driver.o
       138          0          0          0          0       3354   list.o
       234         20          0          0          0       6976   main.o
       660         66          0         28        120      35139   motor_control.o
       240          0          0          0          0       2784   mpu6050.o
       416         28       2504         27          0       5569   oled.o
       662         70          0         12          0      11013   port.o
      1006          8          0          0          0      13286   queue.o
        64         26        236          0       1536        772   startup_stm32f103xb.o
       100         18          0         12          0       5206   stm32f1xx_hal.o
       158         14          0          0          0      28150   stm32f1xx_hal_cortex.o
       808         36          0          0          0       4946   stm32f1xx_hal_dma.o
       500         34          0          0          0       3487   stm32f1xx_hal_gpio.o
      1414         32          0          0          0       9327   stm32f1xx_hal_i2c.o
        72         10          0          0          0        858   stm32f1xx_hal_msp.o
      1304         94         18          0          0       5697   stm32f1xx_hal_rcc.o
      1718         56          0          0          0      14730   stm32f1xx_hal_tim.o
       192         12          0          0          0       3157   stm32f1xx_hal_tim_ex.o
       152         20          0          0         72       1459   stm32f1xx_hal_timebase_tim.o
      1638         24          0          0          0      11868   stm32f1xx_hal_uart.o
        96         32          0          0          0       4795   stm32f1xx_it.o
         0          0          0          0          0        384   stream_buffer.o
         2          0         24          4          0       1095   system_stm32f1xx.o
      2008        150          0         60        240      24318   tasks.o
       648         62          0          0        216       4243   tim.o
       232         30          0          0        140       1761   usart.o
       356        114          0          8         20       2905   user_tasks.o

    ----------------------------------------------------------------------
     24240       1438       6114        260       6112     753133   Object Totals
         0          0         32          0          0          0   (incl. Generated)
        58          0          9          5          0          0   (incl. Padding)

    ----------------------------------------------------------------------

      Code (inc. data)   RO Data    RW Data    ZI Data      Debug   Library Member Name

         8          0          0          0          0         68   __main.o
       184          0          0          0          0         84   __printf_ss.o
         0          0          0          0          0          0   __rtentry.o
        12          0          0          0          0          0   __rtentry2.o
         6          0          0          0          0          0   __rtentry4.o
        52          8          0          0          0          0   __scatter.o
        26          0          0          0          0          0   __scatter_copy.o
        28          0          0          0          0          0   __scatter_zi.o
        48          6          0          0          0         96   _printf_char_common.o
         6          0          0          0          0          0   _printf_d.o
       120         16          0          0          0         92   _printf_dec.o
         6          0          0          0          0          0   _printf_f.o
      1054          0          0          0          0        216   _printf_fp_dec.o
       128         16          0          0          0         84   _printf_fp_infnan.o
       178          0          0          0          0         88   _printf_intcommon.o
         0          0          0          0          0          0   _printf_percent.o
         4          0          0          0          0          0   _printf_percent_end.o
        36          0          0          0          0         84   _printf_truncate.o
        22          0          0          0          0        100   _rserrno.o
        10          0          0          0          0         68   _sputc.o
        16          0          0          0          0         68   aeabi_memset.o
       228          4        148          0          0         96   bigflt0.o
      1936        128          0          0          0        672   btod.o
        18          0          0          0          0         80   exit.o
         6          0          0          0          0        152   heapauxi.o
         0          0          0          0          0          0   indicate_semi.o
        44         10         28          0          0         76   lc_numeric_c.o
         2          0          0          0          0          0   libinit.o
        18          0          0          0          0          0   libinit2.o
         2          0          0          0          0          0   libshutdown.o
         2          0          0          0          0          0   libshutdown2.o
         8          4          0          0         96         68   libspace.o
        72          0          0          0          0         76   llsdiv.o
       138          0          0          0          0         80   lludiv10.o
       238          0          0          0          0        100   lludivv7m.o
        88          0          0          0          0         76   memcmp.o
        40          6          0          0          0         84   noretval__2sprintf.o
         8          4          0          0          0         68   rt_errno_addr_intlibspace.o
         8          4          0          0          0         68   rt_locale_intlibspace.o
        68          0          0          0          0         68   rt_memclr.o
        78          0          0          0          0         80   rt_memclr_w.o
       138          0          0          0          0         68   rt_memcpy_v6.o
       100          0          0          0          0         80   rt_memcpy_w.o
         2          0          0          0          0          0   rtexit.o
        10          0          0          0          0          0   rtexit2.o
       128          0          0          0          0         68   strcmpv7m.o
        12          4          0          0          0         68   sys_exit.o
        74          0          0          0          0         80   sys_stackheap_outer.o
         2          0          0          0          0         68   use_no_semi.o
        98          4          0          0          0         92   d2f.o
       826         16          0          0          0        348   daddsub_clz.o
        16          4          0          0          0         68   dcheck1.o
       688        140          0          0          0        208   ddiv.o
       340         12          0          0          0        104   dmul.o
       156          4          0          0          0         92   dnaninf.o
        12          0          0          0          0         68   dretinf.o
       460         56          0          0          0        120   dsqrt_noumaal.o
        86          4          0          0          0         84   f2d.o
       450          8          0          0          0        236   faddsub_clz.o
        12          4          0          0          0         68   fcheck1.o
       388         76          0          0          0         96   fdiv.o
        54          4          0          0          0         84   ffix.o
        62          4          0          0          0         84   ffixu.o
        86          0          0          0          0        136   fflt_clz.o
       258          4          0          0          0         84   fmul.o
       140          4          0          0          0         84   fnaninf.o
        10          0          0          0          0         68   fretinf.o
         4          0          0          0          0         68   printf1.o
       100          0          0          0          0         68   retnan.o
        92          0          0          0          0         68   scalbn.o
        76          0          0          0          0         68   scalbnf.o
        48          0          0          0          0         68   trapv.o
         0          0          0          0          0          0   usenofp.o
       624         52         80          0          0        168   asin.o
       544         70        152          0          0        124   atan.o
       384         38          0          0          0        144   atan2.o
        38          6          0          0          0        272   dunder.o
        40          0          0          0          0         68   fpclassify.o
       170          0          0          0          0         96   poly.o
         0          0          8          0          0          0   qnan.o
        76          0          0          0          0         84   sqrt.o

    ----------------------------------------------------------------------
     11774        720        416          0        100       6744   Library Totals
        24          0          0          0          4          0   (incl. Padding)

    ----------------------------------------------------------------------

      Code (inc. data)   RO Data    RW Data    ZI Data      Debug   Library Name

      5412        210        176          0         96       3324   c_w.l
      4462        344          0          0          0       2464   fz_ws.l
      1876        166        240          0          0        956   m_ws.l

    ----------------------------------------------------------------------
     11774        720        416          0        100       6744   Library Totals

    ----------------------------------------------------------------------

==============================================================================


      Code (inc. data)   RO Data    RW Data    ZI Data      Debug   

     36014       2158       6530        260       6212     743805   Grand Totals
     36014       2158       6530        260       6212     743805   ELF Image Totals
     36014       2158       6530        260          0          0   ROM Totals

==============================================================================

    Total RO  Size (Code + RO Data)                42544 (  41.55kB)
    Total RW  Size (RW Data + ZI Data)              6472 (   6.32kB)
    Total ROM Size (Code + RO Data + RW Data)      42804 (  41.80kB)

==============================================================================

